2026-04-30 12:25:23,962 : INFO : collecting all words and their counts
2026-04-30 12:25:23,985 : INFO : PROGRESS: at sentence #0, processed 0 words, keeping 0 word types
2026-04-30 12:25:25,028 : INFO : PROGRESS: at sentence #10000, processed 6683016 words, keeping 33889 word types
2026-04-30 12:25:26,453 : INFO : PROGRESS: at sentence #20000, processed 13396064 words, keeping 43349 word types
2026-04-30 12:25:27,438 : INFO : PROGRESS: at sentence #30000, processed 19798775 words, keeping 51765 word types
2026-04-30 12:25:28,489 : INFO : PROGRESS: at sentence #40000, processed 25667632 words, keeping 57720 word types
2026-04-30 12:25:29,550 : INFO : PROGRESS: at sentence #50000, processed 31405485 words, keeping 62326 word types
2026-04-30 12:25:30,445 : INFO : PROGRESS: at sentence #60000, processed 37045053 words, keeping 66176 word types
2026-04-30 12:25:31,336 : INFO : PROGRESS: at sentence #70000, processed 42477078 words, keeping 69387 word types
2026-04-30 12:25:32,223 : INFO : PROGRESS: at sentence #80000, processed 48076528 words, keeping 72226 word types
2026-04-30 12:25:33,132 : INFO : PROGRESS: at sentence #90000, processed 53205331 words, keeping 74655 word types
2026-04-30 12:25:34,072 : INFO : PROGRESS: at sentence #100000, processed 58637424 words, keeping 77193 word types
2026-04-30 12:25:35,471 : INFO : PROGRESS: at sentence #110000, processed 64679376 words, keeping 80441 word types
2026-04-30 12:25:36,384 : INFO : PROGRESS: at sentence #120000, processed 70839337 words, keeping 83336 word types
2026-04-30 12:25:36,564 : INFO : collected 83821 word types from a corpus of 72043079 raw words and 121816 sentences
2026-04-30 12:25:36,564 : INFO : Creating a fresh vocabulary
2026-04-30 12:25:37,016 : INFO : Word2Vec lifecycle event {'msg': 'effective_min_count=10 retains 31488 unique words (37.57% of original 83821, drops 52333)', 'datetime': '2026-04-30T12:25:36.638759', 'gensim': '4.4.0', 'python': '3.12.4 | packaged by Anaconda, Inc. | (main, Jun 18 2024, 15:03:56) [MSC v.1929 64 bit (AMD64)]', 'platform': 'Windows-11-10.0.26200-SP0', 'event': 'prepare_vocab'}
2026-04-30 12:25:37,016 : INFO : Word2Vec lifecycle event {'msg': 'effective_min_count=10 leaves 71914119 word corpus (99.82% of original 72043079, drops 128960)', 'datetime': '2026-04-30T12:25:37.016606', 'gensim': '4.4.0', 'python': '3.12.4 | packaged by Anaconda, Inc. | (main, Jun 18 2024, 15:03:56) [MSC v.1929 64 bit (AMD64)]', 'platform': 'Windows-11-10.0.26200-SP0', 'event': 'prepare_vocab'}
2026-04-30 12:25:37,155 : INFO : deleting the raw counts dictionary of 83821 items
2026-04-30 12:25:37,171 : INFO : sample=1e-05 downsamples 2995 most-common words
2026-04-30 12:25:37,171 : INFO : Word2Vec lifecycle event {'msg': 'downsampling leaves estimated 16103061.694984201 word corpus (22.4%% of prior 71914119)', 'datetime': '2026-04-30T12:25:37.171871', 'gensim': '4.4.0', 'python': '3.12.4 | packaged by Anaconda, Inc. | (main, Jun 18 2024, 15:03:56) [MSC v.1929 64 bit (AMD64)]', 'platform': 'Windows-11-10.0.26200-SP0', 'event': 'prepare_vocab'}
2026-04-30 12:25:37,327 : INFO : estimated required memory for 31488 words and 300 dimensions: 91315200 bytes
2026-04-30 12:25:37,327 : INFO : resetting layer weights
2026-04-30 12:25:37,356 : INFO : Word2Vec lifecycle event {'update': False, 'trim_rule': 'None', 'datetime': '2026-04-30T12:25:37.356900', 'gensim': '4.4.0', 'python': '3.12.4 | packaged by Anaconda, Inc. | (main, Jun 18 2024, 15:03:56) [MSC v.1929 64 bit (AMD64)]', 'platform': 'Windows-11-10.0.26200-SP0', 'event': 'build_vocab'}
2026-04-30 12:25:37,356 : INFO : Word2Vec lifecycle event {'msg': 'training model with 1 workers on 31488 vocabulary and 300 features, using sg=1 hs=0 sample=1e-05 negative=5 window=10 shrink_windows=True', 'datetime': '2026-04-30T12:25:37.356900', 'gensim': '4.4.0', 'python': '3.12.4 | packaged by Anaconda, Inc. | (main, Jun 18 2024, 15:03:56) [MSC v.1929 64 bit (AMD64)]', 'platform': 'Windows-11-10.0.26200-SP0', 'event': 'train'}
2026-04-30 12:25:38,369 : INFO : EPOCH 0 - PROGRESS: at 0.35% examples, 70094 words/s, in_qsize 2, out_qsize 0
2026-04-30 12:25:39,389 : INFO : EPOCH 0 - PROGRESS: at 0.80% examples, 76088 words/s, in_qsize 2, out_qsize 0
2026-04-30 12:25:40,398 : INFO : EPOCH 0 - PROGRESS: at 1.26% examples, 78196 words/s, in_qsize 1, out_qsize 0
2026-04-30 12:25:41,401 : INFO : EPOCH 0 - PROGRESS: at 1.72% examples, 79130 words/s, in_qsize 2, out_qsize 0
2026-04-30 12:25:42,407 : INFO : EPOCH 0 - PROGRESS: at 2.19% examples, 79721 words/s, in_qsize 1, out_qsize 0
2026-04-30 12:25:43,416 : INFO : EPOCH 0 - PROGRESS: at 2.61% examples, 78934 words/s, in_qsize 1, out_qsize 0
2026-04-30 12:25:44,426 : INFO : EPOCH 0 - PROGRESS: at 3.05% examples, 78395 words/s, in_qsize 1, out_qsize 0
2026-04-30 12:25:45,434 : INFO : EPOCH 0 - PROGRESS: at 3.49% examples, 78586 words/s, in_qsize 2, out_qsize 0
2026-04-30 12:25:46,441 : INFO : EPOCH 0 - PROGRESS: at 3.96% examples, 78926 words/s, in_qsize 1, out_qsize 0
2026-04-30 12:25:47,457 : INFO : EPOCH 0 - PROGRESS: at 4.40% examples, 78852 words/s, in_qsize 1, out_qsize 0
2026-04-30 12:25:48,470 : INFO : EPOCH 0 - PROGRESS: at 4.87% examples, 78905 words/s, in_qsize 1, out_qsize 0
2026-04-30 12:25:49,478 : INFO : EPOCH 0 - PROGRESS: at 5.33% examples, 78815 words/s, in_qsize 1, out_qsize 0
2026-04-30 12:25:50,501 : INFO : EPOCH 0 - PROGRESS: at 5.72% examples, 77593 words/s, in_qsize 1, out_qsize 0
2026-04-30 12:25:51,519 : INFO : EPOCH 0 - PROGRESS: at 6.09% examples, 76838 words/s, in_qsize 1, out_qsize 0
2026-04-30 12:25:52,525 : INFO : EPOCH 0 - PROGRESS: at 6.45% examples, 76903 words/s, in_qsize 1, out_qsize 0
2026-04-30 12:25:53,556 : INFO : EPOCH 0 - PROGRESS: at 6.84% examples, 76848 words/s, in_qsize 1, out_qsize 0
2026-04-30 12:25:54,575 : INFO : EPOCH 0 - PROGRESS: at 7.15% examples, 75883 words/s, in_qsize 1, out_qsize 0
2026-04-30 12:25:55,579 : INFO : EPOCH 0 - PROGRESS: at 7.46% examples, 75415 words/s, in_qsize 1, out_qsize 0
2026-04-30 12:25:56,603 : INFO : EPOCH 0 - PROGRESS: at 7.82% examples, 75185 words/s, in_qsize 1, out_qsize 0
2026-04-30 12:25:57,607 : INFO : EPOCH 0 - PROGRESS: at 8.19% examples, 75040 words/s, in_qsize 1, out_qsize 0
2026-04-30 12:25:58,614 : INFO : EPOCH 0 - PROGRESS: at 8.57% examples, 75204 words/s, in_qsize 1, out_qsize 0
2026-04-30 12:25:59,622 : INFO : EPOCH 0 - PROGRESS: at 8.96% examples, 75330 words/s, in_qsize 2, out_qsize 0
2026-04-30 12:26:00,640 : INFO : EPOCH 0 - PROGRESS: at 9.35% examples, 75269 words/s, in_qsize 1, out_qsize 0
2026-04-30 12:26:01,641 : INFO : EPOCH 0 - PROGRESS: at 9.74% examples, 75159 words/s, in_qsize 1, out_qsize 0
2026-04-30 12:26:02,647 : INFO : EPOCH 0 - PROGRESS: at 10.08% examples, 74625 words/s, in_qsize 2, out_qsize 0
2026-04-30 12:26:03,652 : INFO : EPOCH 0 - PROGRESS: at 10.49% examples, 74582 words/s, in_qsize 2, out_qsize 0
2026-04-30 12:26:04,667 : INFO : EPOCH 0 - PROGRESS: at 10.97% examples, 74838 words/s, in_qsize 1, out_qsize 0
2026-04-30 12:26:05,686 : INFO : EPOCH 0 - PROGRESS: at 11.43% examples, 75085 words/s, in_qsize 1, out_qsize 0
2026-04-30 12:26:06,689 : INFO : EPOCH 0 - PROGRESS: at 11.90% examples, 75357 words/s, in_qsize 2, out_qsize 0
2026-04-30 12:26:07,705 : INFO : EPOCH 0 - PROGRESS: at 12.37% examples, 75598 words/s, in_qsize 2, out_qsize 0
2026-04-30 12:26:08,709 : INFO : EPOCH 0 - PROGRESS: at 12.84% examples, 75787 words/s, in_qsize 2, out_qsize 0
2026-04-30 12:26:09,715 : INFO : EPOCH 0 - PROGRESS: at 13.30% examples, 75983 words/s, in_qsize 1, out_qsize 0
2026-04-30 12:26:10,714 : INFO : EPOCH 0 - PROGRESS: at 13.73% examples, 76125 words/s, in_qsize 1, out_qsize 0
2026-04-30 12:26:11,726 : INFO : EPOCH 0 - PROGRESS: at 14.17% examples, 76297 words/s, in_qsize 2, out_qsize 0
2026-04-30 12:26:12,754 : INFO : EPOCH 0 - PROGRESS: at 14.59% examples, 76353 words/s, in_qsize 2, out_qsize 0
2026-04-30 12:26:13,767 : INFO : EPOCH 0 - PROGRESS: at 14.97% examples, 76238 words/s, in_qsize 1, out_qsize 0
2026-04-30 12:26:14,779 : INFO : EPOCH 0 - PROGRESS: at 15.35% examples, 76338 words/s, in_qsize 2, out_qsize 0
2026-04-30 12:26:15,809 : INFO : EPOCH 0 - PROGRESS: at 15.73% examples, 76182 words/s, in_qsize 1, out_qsize 0
2026-04-30 12:26:16,818 : INFO : EPOCH 0 - PROGRESS: at 16.05% examples, 75808 words/s, in_qsize 2, out_qsize 0
2026-04-30 12:26:17,829 : INFO : EPOCH 0 - PROGRESS: at 16.37% examples, 75487 words/s, in_qsize 2, out_qsize 0
2026-04-30 12:26:18,835 : INFO : EPOCH 0 - PROGRESS: at 16.76% examples, 75359 words/s, in_qsize 1, out_qsize 0
2026-04-30 12:26:19,841 : INFO : EPOCH 0 - PROGRESS: at 17.12% examples, 75040 words/s, in_qsize 2, out_qsize 0
2026-04-30 12:26:20,848 : INFO : EPOCH 0 - PROGRESS: at 17.54% examples, 74995 words/s, in_qsize 1, out_qsize 0
2026-04-30 12:26:21,871 : INFO : EPOCH 0 - PROGRESS: at 18.00% examples, 75144 words/s, in_qsize 1, out_qsize 0
2026-04-30 12:26:22,883 : INFO : EPOCH 0 - PROGRESS: at 18.39% examples, 75207 words/s, in_qsize 2, out_qsize 0
2026-04-30 12:26:23,906 : INFO : EPOCH 0 - PROGRESS: at 18.69% examples, 74861 words/s, in_qsize 1, out_qsize 0
2026-04-30 12:26:24,916 : INFO : EPOCH 0 - PROGRESS: at 19.04% examples, 74676 words/s, in_qsize 1, out_qsize 0
2026-04-30 12:26:25,943 : INFO : EPOCH 0 - PROGRESS: at 19.34% examples, 74386 words/s, in_qsize 1, out_qsize 0
2026-04-30 12:26:26,967 : INFO : EPOCH 0 - PROGRESS: at 19.68% examples, 74220 words/s, in_qsize 1, out_qsize 0
2026-04-30 12:26:27,985 : INFO : EPOCH 0 - PROGRESS: at 20.07% examples, 74273 words/s, in_qsize 2, out_qsize 0
2026-04-30 12:26:28,988 : INFO : EPOCH 0 - PROGRESS: at 20.47% examples, 74316 words/s, in_qsize 1, out_qsize 0
2026-04-30 12:26:29,989 : INFO : EPOCH 0 - PROGRESS: at 20.91% examples, 74260 words/s, in_qsize 1, out_qsize 0
2026-04-30 12:26:30,990 : INFO : EPOCH 0 - PROGRESS: at 21.33% examples, 74299 words/s, in_qsize 1, out_qsize 0
2026-04-30 12:26:32,010 : INFO : EPOCH 0 - PROGRESS: at 21.77% examples, 74312 words/s, in_qsize 1, out_qsize 0
2026-04-30 12:26:33,014 : INFO : EPOCH 0 - PROGRESS: at 22.21% examples, 74389 words/s, in_qsize 1, out_qsize 0
2026-04-30 12:26:34,015 : INFO : EPOCH 0 - PROGRESS: at 22.72% examples, 74463 words/s, in_qsize 1, out_qsize 0
2026-04-30 12:26:35,025 : INFO : EPOCH 0 - PROGRESS: at 23.22% examples, 74552 words/s, in_qsize 1, out_qsize 0
2026-04-30 12:26:36,025 : INFO : EPOCH 0 - PROGRESS: at 23.72% examples, 74595 words/s, in_qsize 1, out_qsize 0
2026-04-30 12:26:37,036 : INFO : EPOCH 0 - PROGRESS: at 24.05% examples, 74246 words/s, in_qsize 1, out_qsize 0
2026-04-30 12:26:38,050 : INFO : EPOCH 0 - PROGRESS: at 24.54% examples, 74307 words/s, in_qsize 2, out_qsize 0
2026-04-30 12:26:39,059 : INFO : EPOCH 0 - PROGRESS: at 25.03% examples, 74377 words/s, in_qsize 1, out_qsize 0
2026-04-30 12:26:40,071 : INFO : EPOCH 0 - PROGRESS: at 25.53% examples, 74495 words/s, in_qsize 2, out_qsize 0
2026-04-30 12:26:41,082 : INFO : EPOCH 0 - PROGRESS: at 26.07% examples, 74614 words/s, in_qsize 2, out_qsize 0
2026-04-30 12:26:42,093 : INFO : EPOCH 0 - PROGRESS: at 26.58% examples, 74699 words/s, in_qsize 1, out_qsize 0
2026-04-30 12:26:43,111 : INFO : EPOCH 0 - PROGRESS: at 27.08% examples, 74748 words/s, in_qsize 2, out_qsize 0
2026-04-30 12:26:44,118 : INFO : EPOCH 0 - PROGRESS: at 27.54% examples, 74802 words/s, in_qsize 1, out_qsize 0
2026-04-30 12:26:45,138 : INFO : EPOCH 0 - PROGRESS: at 28.03% examples, 74893 words/s, in_qsize 1, out_qsize 0
2026-04-30 12:26:46,142 : INFO : EPOCH 0 - PROGRESS: at 28.48% examples, 74894 words/s, in_qsize 1, out_qsize 0
2026-04-30 12:26:47,167 : INFO : EPOCH 0 - PROGRESS: at 28.97% examples, 74831 words/s, in_qsize 2, out_qsize 0
2026-04-30 12:26:48,185 : INFO : EPOCH 0 - PROGRESS: at 29.44% examples, 74844 words/s, in_qsize 1, out_qsize 0
2026-04-30 12:26:49,202 : INFO : EPOCH 0 - PROGRESS: at 29.93% examples, 74846 words/s, in_qsize 1, out_qsize 0
2026-04-30 12:26:50,207 : INFO : EPOCH 0 - PROGRESS: at 30.41% examples, 74877 words/s, in_qsize 1, out_qsize 0
2026-04-30 12:26:51,224 : INFO : EPOCH 0 - PROGRESS: at 30.84% examples, 74868 words/s, in_qsize 1, out_qsize 0
2026-04-30 12:26:52,233 : INFO : EPOCH 0 - PROGRESS: at 31.34% examples, 74935 words/s, in_qsize 1, out_qsize 0
2026-04-30 12:26:53,238 : INFO : EPOCH 0 - PROGRESS: at 31.82% examples, 74962 words/s, in_qsize 2, out_qsize 0
2026-04-30 12:26:54,264 : INFO : EPOCH 0 - PROGRESS: at 32.29% examples, 74890 words/s, in_qsize 1, out_qsize 0
2026-04-30 12:26:55,272 : INFO : EPOCH 0 - PROGRESS: at 32.81% examples, 74930 words/s, in_qsize 1, out_qsize 0
2026-04-30 12:26:56,283 : INFO : EPOCH 0 - PROGRESS: at 33.34% examples, 74997 words/s, in_qsize 1, out_qsize 0
2026-04-30 12:26:57,283 : INFO : EPOCH 0 - PROGRESS: at 33.83% examples, 75013 words/s, in_qsize 1, out_qsize 0
2026-04-30 12:26:58,300 : INFO : EPOCH 0 - PROGRESS: at 34.24% examples, 74843 words/s, in_qsize 1, out_qsize 0
2026-04-30 12:26:59,315 : INFO : EPOCH 0 - PROGRESS: at 34.74% examples, 74871 words/s, in_qsize 1, out_qsize 0
2026-04-30 12:27:00,353 : INFO : EPOCH 0 - PROGRESS: at 35.12% examples, 74635 words/s, in_qsize 1, out_qsize 0
2026-04-30 12:27:01,372 : INFO : EPOCH 0 - PROGRESS: at 35.59% examples, 74591 words/s, in_qsize 2, out_qsize 0
2026-04-30 12:27:02,381 : INFO : EPOCH 0 - PROGRESS: at 36.00% examples, 74429 words/s, in_qsize 1, out_qsize 0
2026-04-30 12:27:03,395 : INFO : EPOCH 0 - PROGRESS: at 36.41% examples, 74291 words/s, in_qsize 1, out_qsize 0
2026-04-30 12:27:04,397 : INFO : EPOCH 0 - PROGRESS: at 36.93% examples, 74348 words/s, in_qsize 2, out_qsize 0
2026-04-30 12:27:05,400 : INFO : EPOCH 0 - PROGRESS: at 37.44% examples, 74430 words/s, in_qsize 2, out_qsize 0
2026-04-30 12:27:06,411 : INFO : EPOCH 0 - PROGRESS: at 37.92% examples, 74483 words/s, in_qsize 1, out_qsize 0
2026-04-30 12:27:07,414 : INFO : EPOCH 0 - PROGRESS: at 38.40% examples, 74469 words/s, in_qsize 1, out_qsize 0
2026-04-30 12:27:08,435 : INFO : EPOCH 0 - PROGRESS: at 38.92% examples, 74556 words/s, in_qsize 1, out_qsize 0
2026-04-30 12:27:09,443 : INFO : EPOCH 0 - PROGRESS: at 39.40% examples, 74600 words/s, in_qsize 1, out_qsize 0
2026-04-30 12:27:10,468 : INFO : EPOCH 0 - PROGRESS: at 39.92% examples, 74657 words/s, in_qsize 1, out_qsize 0
2026-04-30 12:27:11,471 : INFO : EPOCH 0 - PROGRESS: at 40.42% examples, 74693 words/s, in_qsize 1, out_qsize 0
2026-04-30 12:27:12,471 : INFO : EPOCH 0 - PROGRESS: at 40.92% examples, 74753 words/s, in_qsize 1, out_qsize 0
2026-04-30 12:27:13,495 : INFO : EPOCH 0 - PROGRESS: at 41.44% examples, 74811 words/s, in_qsize 1, out_qsize 0
2026-04-30 12:27:14,513 : INFO : EPOCH 0 - PROGRESS: at 41.91% examples, 74766 words/s, in_qsize 1, out_qsize 0
2026-04-30 12:27:15,517 : INFO : EPOCH 0 - PROGRESS: at 42.41% examples, 74764 words/s, in_qsize 1, out_qsize 0
2026-04-30 12:27:16,536 : INFO : EPOCH 0 - PROGRESS: at 42.91% examples, 74790 words/s, in_qsize 1, out_qsize 0
2026-04-30 12:27:17,539 : INFO : EPOCH 0 - PROGRESS: at 43.47% examples, 74855 words/s, in_qsize 1, out_qsize 0
2026-04-30 12:27:18,565 : INFO : EPOCH 0 - PROGRESS: at 44.01% examples, 74901 words/s, in_qsize 1, out_qsize 0
2026-04-30 12:27:19,579 : INFO : EPOCH 0 - PROGRESS: at 44.52% examples, 74932 words/s, in_qsize 2, out_qsize 0
2026-04-30 12:27:20,585 : INFO : EPOCH 0 - PROGRESS: at 45.05% examples, 74950 words/s, in_qsize 1, out_qsize 0
2026-04-30 12:27:21,593 : INFO : EPOCH 0 - PROGRESS: at 45.57% examples, 74971 words/s, in_qsize 1, out_qsize 0
2026-04-30 12:27:22,594 : INFO : EPOCH 0 - PROGRESS: at 46.12% examples, 75005 words/s, in_qsize 1, out_qsize 0
2026-04-30 12:27:23,602 : INFO : EPOCH 0 - PROGRESS: at 46.44% examples, 74746 words/s, in_qsize 2, out_qsize 0
2026-04-30 12:27:24,614 : INFO : EPOCH 0 - PROGRESS: at 46.94% examples, 74728 words/s, in_qsize 1, out_qsize 0
2026-04-30 12:27:25,634 : INFO : EPOCH 0 - PROGRESS: at 47.44% examples, 74738 words/s, in_qsize 1, out_qsize 0
2026-04-30 12:27:26,642 : INFO : EPOCH 0 - PROGRESS: at 47.93% examples, 74786 words/s, in_qsize 2, out_qsize 0
2026-04-30 12:27:27,665 : INFO : EPOCH 0 - PROGRESS: at 48.46% examples, 74846 words/s, in_qsize 1, out_qsize 0
2026-04-30 12:27:28,671 : INFO : EPOCH 0 - PROGRESS: at 48.95% examples, 74836 words/s, in_qsize 1, out_qsize 0
2026-04-30 12:27:29,680 : INFO : EPOCH 0 - PROGRESS: at 49.45% examples, 74847 words/s, in_qsize 1, out_qsize 0
2026-04-30 12:27:30,710 : INFO : EPOCH 0 - PROGRESS: at 49.99% examples, 74869 words/s, in_qsize 1, out_qsize 0
2026-04-30 12:27:31,721 : INFO : EPOCH 0 - PROGRESS: at 50.45% examples, 74817 words/s, in_qsize 1, out_qsize 0
2026-04-30 12:27:32,736 : INFO : EPOCH 0 - PROGRESS: at 50.96% examples, 74857 words/s, in_qsize 2, out_qsize 0
2026-04-30 12:27:33,741 : INFO : EPOCH 0 - PROGRESS: at 51.39% examples, 74757 words/s, in_qsize 1, out_qsize 0
2026-04-30 12:27:34,744 : INFO : EPOCH 0 - PROGRESS: at 51.82% examples, 74696 words/s, in_qsize 1, out_qsize 0
2026-04-30 12:27:35,918 : INFO : EPOCH 0 - PROGRESS: at 52.25% examples, 74488 words/s, in_qsize 1, out_qsize 0
2026-04-30 12:27:36,932 : INFO : EPOCH 0 - PROGRESS: at 52.81% examples, 74521 words/s, in_qsize 1, out_qsize 0
2026-04-30 12:27:37,937 : INFO : EPOCH 0 - PROGRESS: at 53.26% examples, 74401 words/s, in_qsize 1, out_qsize 0
2026-04-30 12:27:38,954 : INFO : EPOCH 0 - PROGRESS: at 53.67% examples, 74262 words/s, in_qsize 1, out_qsize 0
2026-04-30 12:27:40,013 : INFO : EPOCH 0 - PROGRESS: at 54.10% examples, 74099 words/s, in_qsize 1, out_qsize 0
2026-04-30 12:27:41,039 : INFO : EPOCH 0 - PROGRESS: at 54.54% examples, 73993 words/s, in_qsize 1, out_qsize 0
2026-04-30 12:27:42,048 : INFO : EPOCH 0 - PROGRESS: at 55.14% examples, 74049 words/s, in_qsize 1, out_qsize 0
2026-04-30 12:27:43,078 : INFO : EPOCH 0 - PROGRESS: at 55.68% examples, 74067 words/s, in_qsize 1, out_qsize 0
2026-04-30 12:27:44,089 : INFO : EPOCH 0 - PROGRESS: at 56.25% examples, 74118 words/s, in_qsize 1, out_qsize 0
2026-04-30 12:27:45,139 : INFO : EPOCH 0 - PROGRESS: at 56.73% examples, 74052 words/s, in_qsize 1, out_qsize 0
2026-04-30 12:27:46,156 : INFO : EPOCH 0 - PROGRESS: at 57.27% examples, 74025 words/s, in_qsize 2, out_qsize 0
2026-04-30 12:27:47,156 : INFO : EPOCH 0 - PROGRESS: at 57.74% examples, 73955 words/s, in_qsize 1, out_qsize 0
2026-04-30 12:27:48,180 : INFO : EPOCH 0 - PROGRESS: at 58.28% examples, 73941 words/s, in_qsize 1, out_qsize 0
2026-04-30 12:27:49,206 : INFO : EPOCH 0 - PROGRESS: at 58.74% examples, 73888 words/s, in_qsize 1, out_qsize 0
2026-04-30 12:27:50,218 : INFO : EPOCH 0 - PROGRESS: at 59.30% examples, 73928 words/s, in_qsize 1, out_qsize 0
2026-04-30 12:27:51,224 : INFO : EPOCH 0 - PROGRESS: at 59.77% examples, 73913 words/s, in_qsize 1, out_qsize 0
2026-04-30 12:27:52,240 : INFO : EPOCH 0 - PROGRESS: at 60.31% examples, 73954 words/s, in_qsize 1, out_qsize 0
2026-04-30 12:27:53,261 : INFO : EPOCH 0 - PROGRESS: at 60.85% examples, 73963 words/s, in_qsize 1, out_qsize 0
2026-04-30 12:27:54,272 : INFO : EPOCH 0 - PROGRESS: at 61.42% examples, 74029 words/s, in_qsize 1, out_qsize 0
2026-04-30 12:27:55,299 : INFO : EPOCH 0 - PROGRESS: at 61.91% examples, 74001 words/s, in_qsize 1, out_qsize 0
2026-04-30 12:27:56,316 : INFO : EPOCH 0 - PROGRESS: at 62.36% examples, 73933 words/s, in_qsize 1, out_qsize 0
2026-04-30 12:27:57,332 : INFO : EPOCH 0 - PROGRESS: at 62.83% examples, 73910 words/s, in_qsize 1, out_qsize 0
2026-04-30 12:27:58,335 : INFO : EPOCH 0 - PROGRESS: at 63.34% examples, 73913 words/s, in_qsize 2, out_qsize 0
2026-04-30 12:27:59,345 : INFO : EPOCH 0 - PROGRESS: at 63.84% examples, 73904 words/s, in_qsize 1, out_qsize 0
2026-04-30 12:28:00,350 : INFO : EPOCH 0 - PROGRESS: at 64.30% examples, 73919 words/s, in_qsize 1, out_qsize 0
2026-04-30 12:28:01,358 : INFO : EPOCH 0 - PROGRESS: at 64.77% examples, 73948 words/s, in_qsize 1, out_qsize 0
2026-04-30 12:28:02,366 : INFO : EPOCH 0 - PROGRESS: at 65.26% examples, 73971 words/s, in_qsize 1, out_qsize 0
2026-04-30 12:28:03,384 : INFO : EPOCH 0 - PROGRESS: at 65.74% examples, 73964 words/s, in_qsize 2, out_qsize 0
2026-04-30 12:28:04,394 : INFO : EPOCH 0 - PROGRESS: at 66.31% examples, 73972 words/s, in_qsize 2, out_qsize 0
2026-04-30 12:28:05,399 : INFO : EPOCH 0 - PROGRESS: at 66.89% examples, 73976 words/s, in_qsize 1, out_qsize 0
2026-04-30 12:28:06,410 : INFO : EPOCH 0 - PROGRESS: at 67.51% examples, 73992 words/s, in_qsize 1, out_qsize 0
2026-04-30 12:28:07,437 : INFO : EPOCH 0 - PROGRESS: at 68.08% examples, 73986 words/s, in_qsize 2, out_qsize 0
2026-04-30 12:28:08,456 : INFO : EPOCH 0 - PROGRESS: at 68.73% examples, 74024 words/s, in_qsize 1, out_qsize 0
2026-04-30 12:28:09,461 : INFO : EPOCH 0 - PROGRESS: at 69.29% examples, 74025 words/s, in_qsize 1, out_qsize 0
2026-04-30 12:28:10,464 : INFO : EPOCH 0 - PROGRESS: at 69.82% examples, 74062 words/s, in_qsize 1, out_qsize 0
2026-04-30 12:28:11,467 : INFO : EPOCH 0 - PROGRESS: at 70.38% examples, 74104 words/s, in_qsize 1, out_qsize 0
2026-04-30 12:28:12,474 : INFO : EPOCH 0 - PROGRESS: at 70.99% examples, 74152 words/s, in_qsize 1, out_qsize 0
2026-04-30 12:28:13,476 : INFO : EPOCH 0 - PROGRESS: at 71.60% examples, 74206 words/s, in_qsize 1, out_qsize 0
2026-04-30 12:28:14,483 : INFO : EPOCH 0 - PROGRESS: at 72.16% examples, 74219 words/s, in_qsize 1, out_qsize 0
2026-04-30 12:28:15,495 : INFO : EPOCH 0 - PROGRESS: at 72.68% examples, 74229 words/s, in_qsize 1, out_qsize 0
2026-04-30 12:28:16,509 : INFO : EPOCH 0 - PROGRESS: at 73.23% examples, 74249 words/s, in_qsize 1, out_qsize 0
2026-04-30 12:28:17,535 : INFO : EPOCH 0 - PROGRESS: at 73.81% examples, 74251 words/s, in_qsize 1, out_qsize 0
2026-04-30 12:28:18,549 : INFO : EPOCH 0 - PROGRESS: at 74.38% examples, 74264 words/s, in_qsize 1, out_qsize 0
2026-04-30 12:28:19,566 : INFO : EPOCH 0 - PROGRESS: at 74.81% examples, 74148 words/s, in_qsize 1, out_qsize 0
2026-04-30 12:28:20,567 : INFO : EPOCH 0 - PROGRESS: at 75.22% examples, 74053 words/s, in_qsize 1, out_qsize 0
2026-04-30 12:28:21,574 : INFO : EPOCH 0 - PROGRESS: at 75.61% examples, 73942 words/s, in_qsize 1, out_qsize 0
2026-04-30 12:28:22,596 : INFO : EPOCH 0 - PROGRESS: at 76.08% examples, 73898 words/s, in_qsize 1, out_qsize 0
2026-04-30 12:28:23,606 : INFO : EPOCH 0 - PROGRESS: at 76.65% examples, 73913 words/s, in_qsize 1, out_qsize 0
2026-04-30 12:28:24,623 : INFO : EPOCH 0 - PROGRESS: at 77.20% examples, 73907 words/s, in_qsize 1, out_qsize 0
2026-04-30 12:28:25,646 : INFO : EPOCH 0 - PROGRESS: at 77.76% examples, 73956 words/s, in_qsize 2, out_qsize 0
2026-04-30 12:28:26,663 : INFO : EPOCH 0 - PROGRESS: at 78.25% examples, 73966 words/s, in_qsize 1, out_qsize 0
2026-04-30 12:28:27,686 : INFO : EPOCH 0 - PROGRESS: at 78.79% examples, 73995 words/s, in_qsize 2, out_qsize 0
2026-04-30 12:28:28,688 : INFO : EPOCH 0 - PROGRESS: at 79.25% examples, 74042 words/s, in_qsize 1, out_qsize 0
2026-04-30 12:28:29,688 : INFO : EPOCH 0 - PROGRESS: at 79.74% examples, 74089 words/s, in_qsize 1, out_qsize 0
2026-04-30 12:28:30,708 : INFO : EPOCH 0 - PROGRESS: at 80.37% examples, 74143 words/s, in_qsize 1, out_qsize 0
2026-04-30 12:28:31,726 : INFO : EPOCH 0 - PROGRESS: at 80.94% examples, 74194 words/s, in_qsize 1, out_qsize 0
2026-04-30 12:28:32,730 : INFO : EPOCH 0 - PROGRESS: at 81.43% examples, 74185 words/s, in_qsize 1, out_qsize 0
2026-04-30 12:28:33,763 : INFO : EPOCH 0 - PROGRESS: at 81.82% examples, 74078 words/s, in_qsize 1, out_qsize 0
2026-04-30 12:28:34,780 : INFO : EPOCH 0 - PROGRESS: at 82.35% examples, 74090 words/s, in_qsize 2, out_qsize 0
2026-04-30 12:28:35,797 : INFO : EPOCH 0 - PROGRESS: at 82.86% examples, 74110 words/s, in_qsize 1, out_qsize 0
2026-04-30 12:28:36,806 : INFO : EPOCH 0 - PROGRESS: at 83.35% examples, 74124 words/s, in_qsize 1, out_qsize 0
2026-04-30 12:28:37,826 : INFO : EPOCH 0 - PROGRESS: at 83.87% examples, 74157 words/s, in_qsize 1, out_qsize 0
2026-04-30 12:28:38,847 : INFO : EPOCH 0 - PROGRESS: at 84.37% examples, 74156 words/s, in_qsize 1, out_qsize 0
2026-04-30 12:28:39,856 : INFO : EPOCH 0 - PROGRESS: at 84.84% examples, 74163 words/s, in_qsize 1, out_qsize 0
2026-04-30 12:28:40,874 : INFO : EPOCH 0 - PROGRESS: at 85.31% examples, 74170 words/s, in_qsize 2, out_qsize 0
2026-04-30 12:28:41,877 : INFO : EPOCH 0 - PROGRESS: at 85.72% examples, 74153 words/s, in_qsize 1, out_qsize 0
2026-04-30 12:28:42,882 : INFO : EPOCH 0 - PROGRESS: at 86.14% examples, 74138 words/s, in_qsize 1, out_qsize 0
2026-04-30 12:28:43,888 : INFO : EPOCH 0 - PROGRESS: at 86.62% examples, 74147 words/s, in_qsize 1, out_qsize 0
2026-04-30 12:28:44,901 : INFO : EPOCH 0 - PROGRESS: at 87.11% examples, 74182 words/s, in_qsize 2, out_qsize 0
2026-04-30 12:28:45,915 : INFO : EPOCH 0 - PROGRESS: at 87.59% examples, 74219 words/s, in_qsize 1, out_qsize 0
2026-04-30 12:28:46,931 : INFO : EPOCH 0 - PROGRESS: at 88.09% examples, 74265 words/s, in_qsize 2, out_qsize 0
2026-04-30 12:28:47,934 : INFO : EPOCH 0 - PROGRESS: at 88.58% examples, 74309 words/s, in_qsize 1, out_qsize 0
2026-04-30 12:28:48,968 : INFO : EPOCH 0 - PROGRESS: at 89.03% examples, 74338 words/s, in_qsize 1, out_qsize 0
2026-04-30 12:28:49,970 : INFO : EPOCH 0 - PROGRESS: at 89.50% examples, 74368 words/s, in_qsize 2, out_qsize 0
2026-04-30 12:28:50,994 : INFO : EPOCH 0 - PROGRESS: at 90.02% examples, 74410 words/s, in_qsize 1, out_qsize 0
2026-04-30 12:28:52,011 : INFO : EPOCH 0 - PROGRESS: at 90.50% examples, 74442 words/s, in_qsize 1, out_qsize 0
2026-04-30 12:28:53,033 : INFO : EPOCH 0 - PROGRESS: at 91.01% examples, 74470 words/s, in_qsize 2, out_qsize 0
2026-04-30 12:28:54,037 : INFO : EPOCH 0 - PROGRESS: at 91.51% examples, 74505 words/s, in_qsize 1, out_qsize 0
2026-04-30 12:28:55,050 : INFO : EPOCH 0 - PROGRESS: at 91.99% examples, 74536 words/s, in_qsize 1, out_qsize 0
2026-04-30 12:28:56,056 : INFO : EPOCH 0 - PROGRESS: at 92.42% examples, 74523 words/s, in_qsize 1, out_qsize 0
2026-04-30 12:28:57,060 : INFO : EPOCH 0 - PROGRESS: at 92.86% examples, 74501 words/s, in_qsize 1, out_qsize 0
2026-04-30 12:28:58,084 : INFO : EPOCH 0 - PROGRESS: at 93.31% examples, 74505 words/s, in_qsize 1, out_qsize 0
2026-04-30 12:28:59,089 : INFO : EPOCH 0 - PROGRESS: at 93.80% examples, 74535 words/s, in_qsize 2, out_qsize 0
2026-04-30 12:29:00,117 : INFO : EPOCH 0 - PROGRESS: at 94.31% examples, 74555 words/s, in_qsize 1, out_qsize 0
2026-04-30 12:29:01,136 : INFO : EPOCH 0 - PROGRESS: at 94.72% examples, 74519 words/s, in_qsize 1, out_qsize 0
2026-04-30 12:29:02,165 : INFO : EPOCH 0 - PROGRESS: at 95.23% examples, 74550 words/s, in_qsize 1, out_qsize 0
2026-04-30 12:29:03,168 : INFO : EPOCH 0 - PROGRESS: at 95.72% examples, 74580 words/s, in_qsize 2, out_qsize 0
2026-04-30 12:29:04,178 : INFO : EPOCH 0 - PROGRESS: at 96.20% examples, 74600 words/s, in_qsize 2, out_qsize 0
2026-04-30 12:29:05,180 : INFO : EPOCH 0 - PROGRESS: at 96.64% examples, 74610 words/s, in_qsize 1, out_qsize 0
2026-04-30 12:29:06,183 : INFO : EPOCH 0 - PROGRESS: at 96.90% examples, 74459 words/s, in_qsize 1, out_qsize 0
2026-04-30 12:29:07,192 : INFO : EPOCH 0 - PROGRESS: at 97.29% examples, 74426 words/s, in_qsize 1, out_qsize 0
2026-04-30 12:29:08,196 : INFO : EPOCH 0 - PROGRESS: at 97.69% examples, 74414 words/s, in_qsize 1, out_qsize 0
2026-04-30 12:29:09,214 : INFO : EPOCH 0 - PROGRESS: at 98.19% examples, 74445 words/s, in_qsize 1, out_qsize 0
2026-04-30 12:29:10,225 : INFO : EPOCH 0 - PROGRESS: at 98.62% examples, 74457 words/s, in_qsize 2, out_qsize 0
2026-04-30 12:29:11,250 : INFO : EPOCH 0 - PROGRESS: at 99.06% examples, 74471 words/s, in_qsize 1, out_qsize 0
2026-04-30 12:29:12,254 : INFO : EPOCH 0 - PROGRESS: at 99.47% examples, 74502 words/s, in_qsize 1, out_qsize 0
2026-04-30 12:29:13,257 : INFO : EPOCH 0 - PROGRESS: at 99.89% examples, 74495 words/s, in_qsize 1, out_qsize 0
2026-04-30 12:29:13,573 : INFO : EPOCH 0: training on 72043079 raw words (16105677 effective words) took 216.2s, 74490 effective words/s
2026-04-30 12:29:14,582 : INFO : EPOCH 1 - PROGRESS: at 0.39% examples, 78793 words/s, in_qsize 1, out_qsize 0
2026-04-30 12:29:15,585 : INFO : EPOCH 1 - PROGRESS: at 0.83% examples, 78946 words/s, in_qsize 1, out_qsize 0
2026-04-30 12:29:16,604 : INFO : EPOCH 1 - PROGRESS: at 1.27% examples, 79135 words/s, in_qsize 1, out_qsize 0
2026-04-30 12:29:17,643 : INFO : EPOCH 1 - PROGRESS: at 1.65% examples, 75888 words/s, in_qsize 1, out_qsize 0
2026-04-30 12:29:18,645 : INFO : EPOCH 1 - PROGRESS: at 2.06% examples, 75093 words/s, in_qsize 1, out_qsize 0
2026-04-30 12:29:19,659 : INFO : EPOCH 1 - PROGRESS: at 2.37% examples, 71453 words/s, in_qsize 2, out_qsize 0
2026-04-30 12:29:20,671 : INFO : EPOCH 1 - PROGRESS: at 2.83% examples, 72791 words/s, in_qsize 1, out_qsize 0
2026-04-30 12:29:21,695 : INFO : EPOCH 1 - PROGRESS: at 3.30% examples, 73874 words/s, in_qsize 1, out_qsize 0
2026-04-30 12:29:22,699 : INFO : EPOCH 1 - PROGRESS: at 3.77% examples, 74711 words/s, in_qsize 2, out_qsize 0
2026-04-30 12:29:23,721 : INFO : EPOCH 1 - PROGRESS: at 4.18% examples, 74620 words/s, in_qsize 2, out_qsize 0
2026-04-30 12:29:24,721 : INFO : EPOCH 1 - PROGRESS: at 4.63% examples, 74870 words/s, in_qsize 1, out_qsize 0
2026-04-30 12:29:25,734 : INFO : EPOCH 1 - PROGRESS: at 5.10% examples, 75306 words/s, in_qsize 1, out_qsize 0
2026-04-30 12:29:26,745 : INFO : EPOCH 1 - PROGRESS: at 5.59% examples, 75773 words/s, in_qsize 2, out_qsize 0
2026-04-30 12:29:27,749 : INFO : EPOCH 1 - PROGRESS: at 6.04% examples, 75984 words/s, in_qsize 1, out_qsize 0
2026-04-30 12:29:28,755 : INFO : EPOCH 1 - PROGRESS: at 6.39% examples, 76035 words/s, in_qsize 2, out_qsize 0
2026-04-30 12:29:29,757 : INFO : EPOCH 1 - PROGRESS: at 6.80% examples, 76113 words/s, in_qsize 2, out_qsize 0
2026-04-30 12:29:30,758 : INFO : EPOCH 1 - PROGRESS: at 7.16% examples, 76113 words/s, in_qsize 1, out_qsize 0
2026-04-30 12:29:31,787 : INFO : EPOCH 1 - PROGRESS: at 7.54% examples, 76283 words/s, in_qsize 2, out_qsize 0
2026-04-30 12:29:32,808 : INFO : EPOCH 1 - PROGRESS: at 7.93% examples, 76278 words/s, in_qsize 1, out_qsize 0
2026-04-30 12:29:33,814 : INFO : EPOCH 1 - PROGRESS: at 8.31% examples, 76332 words/s, in_qsize 1, out_qsize 0
2026-04-30 12:29:34,836 : INFO : EPOCH 1 - PROGRESS: at 8.69% examples, 76297 words/s, in_qsize 1, out_qsize 0
2026-04-30 12:29:35,842 : INFO : EPOCH 1 - PROGRESS: at 8.96% examples, 75298 words/s, in_qsize 1, out_qsize 0
2026-04-30 12:29:36,855 : INFO : EPOCH 1 - PROGRESS: at 9.36% examples, 75333 words/s, in_qsize 1, out_qsize 0
2026-04-30 12:29:37,869 : INFO : EPOCH 1 - PROGRESS: at 9.79% examples, 75430 words/s, in_qsize 1, out_qsize 0
2026-04-30 12:29:38,888 : INFO : EPOCH 1 - PROGRESS: at 10.14% examples, 74958 words/s, in_qsize 1, out_qsize 0
2026-04-30 12:29:39,903 : INFO : EPOCH 1 - PROGRESS: at 10.57% examples, 74921 words/s, in_qsize 1, out_qsize 0
2026-04-30 12:29:40,930 : INFO : EPOCH 1 - PROGRESS: at 11.02% examples, 75046 words/s, in_qsize 1, out_qsize 0
2026-04-30 12:29:41,946 : INFO : EPOCH 1 - PROGRESS: at 11.46% examples, 75078 words/s, in_qsize 1, out_qsize 0
2026-04-30 12:29:42,954 : INFO : EPOCH 1 - PROGRESS: at 11.88% examples, 75110 words/s, in_qsize 1, out_qsize 0
2026-04-30 12:29:43,970 : INFO : EPOCH 1 - PROGRESS: at 12.32% examples, 75135 words/s, in_qsize 1, out_qsize 0
2026-04-30 12:29:45,034 : INFO : EPOCH 1 - PROGRESS: at 12.73% examples, 74877 words/s, in_qsize 2, out_qsize 0
2026-04-30 12:29:46,048 : INFO : EPOCH 1 - PROGRESS: at 13.09% examples, 74506 words/s, in_qsize 1, out_qsize 0
2026-04-30 12:29:47,068 : INFO : EPOCH 1 - PROGRESS: at 13.52% examples, 74609 words/s, in_qsize 1, out_qsize 0
2026-04-30 12:29:48,076 : INFO : EPOCH 1 - PROGRESS: at 13.92% examples, 74593 words/s, in_qsize 1, out_qsize 0
2026-04-30 12:29:49,105 : INFO : EPOCH 1 - PROGRESS: at 14.27% examples, 74402 words/s, in_qsize 1, out_qsize 0
2026-04-30 12:29:50,134 : INFO : EPOCH 1 - PROGRESS: at 14.56% examples, 73714 words/s, in_qsize 1, out_qsize 0
2026-04-30 12:29:51,148 : INFO : EPOCH 1 - PROGRESS: at 14.97% examples, 73846 words/s, in_qsize 2, out_qsize 0
2026-04-30 12:29:52,154 : INFO : EPOCH 1 - PROGRESS: at 15.31% examples, 73755 words/s, in_qsize 1, out_qsize 0
2026-04-30 12:29:53,157 : INFO : EPOCH 1 - PROGRESS: at 15.71% examples, 73845 words/s, in_qsize 1, out_qsize 0
2026-04-30 12:29:54,189 : INFO : EPOCH 1 - PROGRESS: at 16.13% examples, 73989 words/s, in_qsize 1, out_qsize 0
2026-04-30 12:29:55,194 : INFO : EPOCH 1 - PROGRESS: at 16.54% examples, 74058 words/s, in_qsize 1, out_qsize 0
2026-04-30 12:29:56,204 : INFO : EPOCH 1 - PROGRESS: at 16.98% examples, 74175 words/s, in_qsize 2, out_qsize 0
2026-04-30 12:29:57,225 : INFO : EPOCH 1 - PROGRESS: at 17.45% examples, 74342 words/s, in_qsize 2, out_qsize 0
2026-04-30 12:29:58,231 : INFO : EPOCH 1 - PROGRESS: at 17.93% examples, 74509 words/s, in_qsize 1, out_qsize 0
2026-04-30 12:29:59,239 : INFO : EPOCH 1 - PROGRESS: at 18.32% examples, 74583 words/s, in_qsize 1, out_qsize 0
2026-04-30 12:30:00,249 : INFO : EPOCH 1 - PROGRESS: at 18.68% examples, 74581 words/s, in_qsize 2, out_qsize 0
2026-04-30 12:30:01,280 : INFO : EPOCH 1 - PROGRESS: at 19.08% examples, 74624 words/s, in_qsize 1, out_qsize 0
2026-04-30 12:30:02,301 : INFO : EPOCH 1 - PROGRESS: at 19.36% examples, 74235 words/s, in_qsize 1, out_qsize 0
2026-04-30 12:30:03,320 : INFO : EPOCH 1 - PROGRESS: at 19.75% examples, 74281 words/s, in_qsize 2, out_qsize 0
2026-04-30 12:30:04,339 : INFO : EPOCH 1 - PROGRESS: at 20.07% examples, 74037 words/s, in_qsize 1, out_qsize 0
2026-04-30 12:30:05,354 : INFO : EPOCH 1 - PROGRESS: at 20.42% examples, 73859 words/s, in_qsize 1, out_qsize 0
2026-04-30 12:30:06,384 : INFO : EPOCH 1 - PROGRESS: at 20.78% examples, 73594 words/s, in_qsize 1, out_qsize 0
2026-04-30 12:30:07,391 : INFO : EPOCH 1 - PROGRESS: at 21.23% examples, 73684 words/s, in_qsize 1, out_qsize 0
2026-04-30 12:30:08,420 : INFO : EPOCH 1 - PROGRESS: at 21.71% examples, 73804 words/s, in_qsize 2, out_qsize 0
2026-04-30 12:30:09,427 : INFO : EPOCH 1 - PROGRESS: at 22.16% examples, 73929 words/s, in_qsize 2, out_qsize 0
2026-04-30 12:30:10,444 : INFO : EPOCH 1 - PROGRESS: at 22.68% examples, 74029 words/s, in_qsize 1, out_qsize 0
2026-04-30 12:30:11,471 : INFO : EPOCH 1 - PROGRESS: at 23.19% examples, 74135 words/s, in_qsize 1, out_qsize 0
2026-04-30 12:30:12,473 : INFO : EPOCH 1 - PROGRESS: at 23.69% examples, 74187 words/s, in_qsize 1, out_qsize 0
2026-04-30 12:30:13,480 : INFO : EPOCH 1 - PROGRESS: at 24.16% examples, 74211 words/s, in_qsize 1, out_qsize 0
2026-04-30 12:30:14,503 : INFO : EPOCH 1 - PROGRESS: at 24.65% examples, 74299 words/s, in_qsize 1, out_qsize 0
2026-04-30 12:30:15,506 : INFO : EPOCH 1 - PROGRESS: at 25.16% examples, 74397 words/s, in_qsize 1, out_qsize 0
2026-04-30 12:30:16,525 : INFO : EPOCH 1 - PROGRESS: at 25.67% examples, 74514 words/s, in_qsize 2, out_qsize 0
2026-04-30 12:30:17,561 : INFO : EPOCH 1 - PROGRESS: at 26.19% examples, 74543 words/s, in_qsize 1, out_qsize 0
2026-04-30 12:30:18,570 : INFO : EPOCH 1 - PROGRESS: at 26.50% examples, 74176 words/s, in_qsize 2, out_qsize 0
2026-04-30 12:30:19,571 : INFO : EPOCH 1 - PROGRESS: at 26.92% examples, 74056 words/s, in_qsize 1, out_qsize 0
2026-04-30 12:30:20,572 : INFO : EPOCH 1 - PROGRESS: at 27.34% examples, 73968 words/s, in_qsize 1, out_qsize 0
2026-04-30 12:30:21,583 : INFO : EPOCH 1 - PROGRESS: at 27.80% examples, 74048 words/s, in_qsize 1, out_qsize 0
2026-04-30 12:30:22,584 : INFO : EPOCH 1 - PROGRESS: at 28.25% examples, 74094 words/s, in_qsize 2, out_qsize 0
2026-04-30 12:30:23,608 : INFO : EPOCH 1 - PROGRESS: at 28.78% examples, 74162 words/s, in_qsize 1, out_qsize 0
2026-04-30 12:30:24,625 : INFO : EPOCH 1 - PROGRESS: at 29.27% examples, 74187 words/s, in_qsize 1, out_qsize 0
2026-04-30 12:30:25,636 : INFO : EPOCH 1 - PROGRESS: at 29.73% examples, 74185 words/s, in_qsize 1, out_qsize 0
2026-04-30 12:30:26,658 : INFO : EPOCH 1 - PROGRESS: at 30.20% examples, 74167 words/s, in_qsize 1, out_qsize 0
2026-04-30 12:30:27,674 : INFO : EPOCH 1 - PROGRESS: at 30.69% examples, 74256 words/s, in_qsize 1, out_qsize 0
2026-04-30 12:30:28,697 : INFO : EPOCH 1 - PROGRESS: at 31.13% examples, 74206 words/s, in_qsize 1, out_qsize 0
2026-04-30 12:30:29,720 : INFO : EPOCH 1 - PROGRESS: at 31.55% examples, 74165 words/s, in_qsize 2, out_qsize 0
2026-04-30 12:30:30,742 : INFO : EPOCH 1 - PROGRESS: at 32.05% examples, 74162 words/s, in_qsize 1, out_qsize 0
2026-04-30 12:30:31,767 : INFO : EPOCH 1 - PROGRESS: at 32.56% examples, 74142 words/s, in_qsize 1, out_qsize 0
2026-04-30 12:30:32,788 : INFO : EPOCH 1 - PROGRESS: at 33.05% examples, 74154 words/s, in_qsize 2, out_qsize 0
2026-04-30 12:30:33,812 : INFO : EPOCH 1 - PROGRESS: at 33.57% examples, 74187 words/s, in_qsize 1, out_qsize 0
2026-04-30 12:30:34,838 : INFO : EPOCH 1 - PROGRESS: at 34.05% examples, 74190 words/s, in_qsize 1, out_qsize 0
2026-04-30 12:30:35,853 : INFO : EPOCH 1 - PROGRESS: at 34.51% examples, 74129 words/s, in_qsize 1, out_qsize 0
2026-04-30 12:30:36,857 : INFO : EPOCH 1 - PROGRESS: at 34.97% examples, 74102 words/s, in_qsize 1, out_qsize 0
2026-04-30 12:30:37,890 : INFO : EPOCH 1 - PROGRESS: at 35.46% examples, 74059 words/s, in_qsize 1, out_qsize 0
2026-04-30 12:30:38,895 : INFO : EPOCH 1 - PROGRESS: at 35.87% examples, 73935 words/s, in_qsize 1, out_qsize 0
2026-04-30 12:30:39,899 : INFO : EPOCH 1 - PROGRESS: at 36.41% examples, 74031 words/s, in_qsize 1, out_qsize 0
2026-04-30 12:30:40,914 : INFO : EPOCH 1 - PROGRESS: at 36.90% examples, 74035 words/s, in_qsize 1, out_qsize 0
2026-04-30 12:30:41,922 : INFO : EPOCH 1 - PROGRESS: at 37.41% examples, 74113 words/s, in_qsize 1, out_qsize 0
2026-04-30 12:30:42,924 : INFO : EPOCH 1 - PROGRESS: at 37.88% examples, 74155 words/s, in_qsize 1, out_qsize 0
2026-04-30 12:30:43,933 : INFO : EPOCH 1 - PROGRESS: at 38.39% examples, 74188 words/s, in_qsize 1, out_qsize 0
2026-04-30 12:30:44,936 : INFO : EPOCH 1 - PROGRESS: at 38.89% examples, 74267 words/s, in_qsize 2, out_qsize 0
2026-04-30 12:30:45,937 : INFO : EPOCH 1 - PROGRESS: at 39.32% examples, 74224 words/s, in_qsize 1, out_qsize 0
2026-04-30 12:30:46,942 : INFO : EPOCH 1 - PROGRESS: at 39.76% examples, 74173 words/s, in_qsize 1, out_qsize 0
2026-04-30 12:30:47,958 : INFO : EPOCH 1 - PROGRESS: at 40.21% examples, 74118 words/s, in_qsize 1, out_qsize 0
2026-04-30 12:30:48,962 : INFO : EPOCH 1 - PROGRESS: at 40.68% examples, 74114 words/s, in_qsize 1, out_qsize 0
2026-04-30 12:30:49,962 : INFO : EPOCH 1 - PROGRESS: at 41.16% examples, 74130 words/s, in_qsize 1, out_qsize 0
2026-04-30 12:30:50,973 : INFO : EPOCH 1 - PROGRESS: at 41.61% examples, 74097 words/s, in_qsize 1, out_qsize 0
2026-04-30 12:30:51,998 : INFO : EPOCH 1 - PROGRESS: at 42.10% examples, 74081 words/s, in_qsize 1, out_qsize 0
2026-04-30 12:30:53,021 : INFO : EPOCH 1 - PROGRESS: at 42.61% examples, 74112 words/s, in_qsize 1, out_qsize 0
2026-04-30 12:30:54,049 : INFO : EPOCH 1 - PROGRESS: at 43.09% examples, 74089 words/s, in_qsize 1, out_qsize 0
2026-04-30 12:30:55,049 : INFO : EPOCH 1 - PROGRESS: at 43.62% examples, 74125 words/s, in_qsize 1, out_qsize 0
2026-04-30 12:30:56,066 : INFO : EPOCH 1 - PROGRESS: at 44.17% examples, 74199 words/s, in_qsize 2, out_qsize 0
2026-04-30 12:30:57,079 : INFO : EPOCH 1 - PROGRESS: at 44.70% examples, 74235 words/s, in_qsize 1, out_qsize 0
2026-04-30 12:30:58,086 : INFO : EPOCH 1 - PROGRESS: at 45.20% examples, 74233 words/s, in_qsize 1, out_qsize 0
2026-04-30 12:30:59,107 : INFO : EPOCH 1 - PROGRESS: at 45.73% examples, 74248 words/s, in_qsize 2, out_qsize 0
2026-04-30 12:31:00,111 : INFO : EPOCH 1 - PROGRESS: at 46.27% examples, 74290 words/s, in_qsize 2, out_qsize 0
2026-04-30 12:31:01,111 : INFO : EPOCH 1 - PROGRESS: at 46.80% examples, 74317 words/s, in_qsize 2, out_qsize 0
2026-04-30 12:31:02,117 : INFO : EPOCH 1 - PROGRESS: at 47.31% examples, 74345 words/s, in_qsize 1, out_qsize 0
2026-04-30 12:31:03,139 : INFO : EPOCH 1 - PROGRESS: at 47.76% examples, 74329 words/s, in_qsize 1, out_qsize 0
2026-04-30 12:31:04,143 : INFO : EPOCH 1 - PROGRESS: at 48.20% examples, 74306 words/s, in_qsize 1, out_qsize 0
2026-04-30 12:31:05,146 : INFO : EPOCH 1 - PROGRESS: at 48.75% examples, 74362 words/s, in_qsize 1, out_qsize 0
2026-04-30 12:31:06,173 : INFO : EPOCH 1 - PROGRESS: at 49.28% examples, 74420 words/s, in_qsize 1, out_qsize 0
2026-04-30 12:31:07,174 : INFO : EPOCH 1 - PROGRESS: at 49.82% examples, 74468 words/s, in_qsize 2, out_qsize 0
2026-04-30 12:31:08,182 : INFO : EPOCH 1 - PROGRESS: at 50.35% examples, 74513 words/s, in_qsize 1, out_qsize 0
2026-04-30 12:31:09,189 : INFO : EPOCH 1 - PROGRESS: at 50.86% examples, 74556 words/s, in_qsize 1, out_qsize 0
2026-04-30 12:31:10,211 : INFO : EPOCH 1 - PROGRESS: at 51.42% examples, 74619 words/s, in_qsize 2, out_qsize 0
2026-04-30 12:31:11,233 : INFO : EPOCH 1 - PROGRESS: at 51.95% examples, 74674 words/s, in_qsize 1, out_qsize 0
2026-04-30 12:31:12,239 : INFO : EPOCH 1 - PROGRESS: at 52.51% examples, 74726 words/s, in_qsize 1, out_qsize 0
2026-04-30 12:31:13,246 : INFO : EPOCH 1 - PROGRESS: at 53.08% examples, 74760 words/s, in_qsize 1, out_qsize 0
2026-04-30 12:31:14,252 : INFO : EPOCH 1 - PROGRESS: at 53.51% examples, 74618 words/s, in_qsize 1, out_qsize 0
2026-04-30 12:31:15,275 : INFO : EPOCH 1 - PROGRESS: at 54.07% examples, 74627 words/s, in_qsize 1, out_qsize 0
2026-04-30 12:31:16,284 : INFO : EPOCH 1 - PROGRESS: at 54.62% examples, 74645 words/s, in_qsize 1, out_qsize 0
2026-04-30 12:31:17,304 : INFO : EPOCH 1 - PROGRESS: at 55.12% examples, 74583 words/s, in_qsize 2, out_qsize 0
2026-04-30 12:31:18,313 : INFO : EPOCH 1 - PROGRESS: at 55.68% examples, 74627 words/s, in_qsize 2, out_qsize 0
2026-04-30 12:31:19,323 : INFO : EPOCH 1 - PROGRESS: at 56.23% examples, 74638 words/s, in_qsize 2, out_qsize 0
2026-04-30 12:31:20,342 : INFO : EPOCH 1 - PROGRESS: at 56.75% examples, 74634 words/s, in_qsize 1, out_qsize 0
2026-04-30 12:31:21,357 : INFO : EPOCH 1 - PROGRESS: at 57.31% examples, 74624 words/s, in_qsize 1, out_qsize 0
2026-04-30 12:31:22,370 : INFO : EPOCH 1 - PROGRESS: at 57.82% examples, 74593 words/s, in_qsize 1, out_qsize 0
2026-04-30 12:31:23,373 : INFO : EPOCH 1 - PROGRESS: at 58.36% examples, 74586 words/s, in_qsize 1, out_qsize 0
2026-04-30 12:31:24,408 : INFO : EPOCH 1 - PROGRESS: at 58.70% examples, 74396 words/s, in_qsize 1, out_qsize 0
2026-04-30 12:31:25,418 : INFO : EPOCH 1 - PROGRESS: at 59.12% examples, 74270 words/s, in_qsize 1, out_qsize 0
2026-04-30 12:31:26,423 : INFO : EPOCH 1 - PROGRESS: at 59.60% examples, 74276 words/s, in_qsize 2, out_qsize 0
2026-04-30 12:31:27,442 : INFO : EPOCH 1 - PROGRESS: at 60.13% examples, 74309 words/s, in_qsize 1, out_qsize 0
2026-04-30 12:31:28,445 : INFO : EPOCH 1 - PROGRESS: at 60.70% examples, 74355 words/s, in_qsize 2, out_qsize 0
2026-04-30 12:31:29,455 : INFO : EPOCH 1 - PROGRESS: at 61.25% examples, 74394 words/s, in_qsize 1, out_qsize 0
2026-04-30 12:31:30,471 : INFO : EPOCH 1 - PROGRESS: at 61.77% examples, 74403 words/s, in_qsize 1, out_qsize 0
2026-04-30 12:31:31,471 : INFO : EPOCH 1 - PROGRESS: at 62.28% examples, 74404 words/s, in_qsize 1, out_qsize 0
2026-04-30 12:31:32,475 : INFO : EPOCH 1 - PROGRESS: at 62.80% examples, 74425 words/s, in_qsize 1, out_qsize 0
2026-04-30 12:31:33,506 : INFO : EPOCH 1 - PROGRESS: at 63.30% examples, 74393 words/s, in_qsize 1, out_qsize 0
2026-04-30 12:31:34,513 : INFO : EPOCH 1 - PROGRESS: at 63.82% examples, 74398 words/s, in_qsize 2, out_qsize 0
2026-04-30 12:31:35,529 : INFO : EPOCH 1 - PROGRESS: at 64.28% examples, 74416 words/s, in_qsize 1, out_qsize 0
2026-04-30 12:31:36,532 : INFO : EPOCH 1 - PROGRESS: at 64.74% examples, 74416 words/s, in_qsize 1, out_qsize 0
2026-04-30 12:31:37,548 : INFO : EPOCH 1 - PROGRESS: at 65.23% examples, 74449 words/s, in_qsize 2, out_qsize 0
2026-04-30 12:31:38,566 : INFO : EPOCH 1 - PROGRESS: at 65.74% examples, 74465 words/s, in_qsize 1, out_qsize 0
2026-04-30 12:31:39,590 : INFO : EPOCH 1 - PROGRESS: at 66.34% examples, 74493 words/s, in_qsize 2, out_qsize 0
2026-04-30 12:31:40,607 : INFO : EPOCH 1 - PROGRESS: at 67.00% examples, 74544 words/s, in_qsize 1, out_qsize 0
2026-04-30 12:31:41,632 : INFO : EPOCH 1 - PROGRESS: at 67.66% examples, 74588 words/s, in_qsize 1, out_qsize 0
2026-04-30 12:31:42,649 : INFO : EPOCH 1 - PROGRESS: at 68.23% examples, 74587 words/s, in_qsize 1, out_qsize 0
2026-04-30 12:31:43,672 : INFO : EPOCH 1 - PROGRESS: at 68.87% examples, 74619 words/s, in_qsize 2, out_qsize 0
2026-04-30 12:31:44,684 : INFO : EPOCH 1 - PROGRESS: at 69.43% examples, 74632 words/s, in_qsize 2, out_qsize 0
2026-04-30 12:31:45,686 : INFO : EPOCH 1 - PROGRESS: at 69.94% examples, 74643 words/s, in_qsize 1, out_qsize 0
2026-04-30 12:31:46,692 : INFO : EPOCH 1 - PROGRESS: at 70.49% examples, 74665 words/s, in_qsize 1, out_qsize 0
2026-04-30 12:31:47,702 : INFO : EPOCH 1 - PROGRESS: at 71.06% examples, 74678 words/s, in_qsize 2, out_qsize 0
2026-04-30 12:31:48,705 : INFO : EPOCH 1 - PROGRESS: at 71.60% examples, 74662 words/s, in_qsize 1, out_qsize 0
2026-04-30 12:31:49,708 : INFO : EPOCH 1 - PROGRESS: at 72.11% examples, 74631 words/s, in_qsize 1, out_qsize 0
2026-04-30 12:31:50,714 : INFO : EPOCH 1 - PROGRESS: at 72.61% examples, 74615 words/s, in_qsize 1, out_qsize 0
2026-04-30 12:31:51,715 : INFO : EPOCH 1 - PROGRESS: at 73.14% examples, 74629 words/s, in_qsize 1, out_qsize 0
2026-04-30 12:31:52,717 : INFO : EPOCH 1 - PROGRESS: at 73.68% examples, 74619 words/s, in_qsize 1, out_qsize 0
2026-04-30 12:31:53,718 : INFO : EPOCH 1 - PROGRESS: at 74.30% examples, 74660 words/s, in_qsize 1, out_qsize 0
2026-04-30 12:31:54,732 : INFO : EPOCH 1 - PROGRESS: at 74.92% examples, 74709 words/s, in_qsize 1, out_qsize 0
2026-04-30 12:31:55,758 : INFO : EPOCH 1 - PROGRESS: at 75.49% examples, 74753 words/s, in_qsize 1, out_qsize 0
2026-04-30 12:31:56,771 : INFO : EPOCH 1 - PROGRESS: at 76.07% examples, 74796 words/s, in_qsize 1, out_qsize 0
2026-04-30 12:31:57,780 : INFO : EPOCH 1 - PROGRESS: at 76.67% examples, 74834 words/s, in_qsize 1, out_qsize 0
2026-04-30 12:31:58,795 : INFO : EPOCH 1 - PROGRESS: at 77.26% examples, 74862 words/s, in_qsize 1, out_qsize 0
2026-04-30 12:31:59,797 : INFO : EPOCH 1 - PROGRESS: at 77.76% examples, 74864 words/s, in_qsize 1, out_qsize 0
2026-04-30 12:32:00,818 : INFO : EPOCH 1 - PROGRESS: at 78.25% examples, 74869 words/s, in_qsize 1, out_qsize 0
2026-04-30 12:32:01,844 : INFO : EPOCH 1 - PROGRESS: at 78.77% examples, 74880 words/s, in_qsize 1, out_qsize 0
2026-04-30 12:32:02,853 : INFO : EPOCH 1 - PROGRESS: at 79.19% examples, 74871 words/s, in_qsize 1, out_qsize 0
2026-04-30 12:32:03,882 : INFO : EPOCH 1 - PROGRESS: at 79.64% examples, 74873 words/s, in_qsize 1, out_qsize 0
2026-04-30 12:32:04,894 : INFO : EPOCH 1 - PROGRESS: at 80.16% examples, 74856 words/s, in_qsize 1, out_qsize 0
2026-04-30 12:32:05,904 : INFO : EPOCH 1 - PROGRESS: at 80.70% examples, 74854 words/s, in_qsize 1, out_qsize 0
2026-04-30 12:32:06,907 : INFO : EPOCH 1 - PROGRESS: at 81.16% examples, 74832 words/s, in_qsize 1, out_qsize 0
2026-04-30 12:32:07,920 : INFO : EPOCH 1 - PROGRESS: at 81.71% examples, 74850 words/s, in_qsize 1, out_qsize 0
2026-04-30 12:32:08,945 : INFO : EPOCH 1 - PROGRESS: at 82.25% examples, 74867 words/s, in_qsize 1, out_qsize 0
2026-04-30 12:32:09,945 : INFO : EPOCH 1 - PROGRESS: at 82.78% examples, 74903 words/s, in_qsize 2, out_qsize 0
2026-04-30 12:32:10,970 : INFO : EPOCH 1 - PROGRESS: at 83.29% examples, 74935 words/s, in_qsize 1, out_qsize 0
2026-04-30 12:32:11,980 : INFO : EPOCH 1 - PROGRESS: at 83.83% examples, 74972 words/s, in_qsize 1, out_qsize 0
2026-04-30 12:32:13,005 : INFO : EPOCH 1 - PROGRESS: at 84.33% examples, 74968 words/s, in_qsize 1, out_qsize 0
2026-04-30 12:32:14,008 : INFO : EPOCH 1 - PROGRESS: at 84.81% examples, 74983 words/s, in_qsize 1, out_qsize 0
2026-04-30 12:32:15,010 : INFO : EPOCH 1 - PROGRESS: at 85.31% examples, 75014 words/s, in_qsize 1, out_qsize 0
2026-04-30 12:32:16,010 : INFO : EPOCH 1 - PROGRESS: at 85.75% examples, 75018 words/s, in_qsize 1, out_qsize 0
2026-04-30 12:32:17,019 : INFO : EPOCH 1 - PROGRESS: at 86.21% examples, 75041 words/s, in_qsize 1, out_qsize 0
2026-04-30 12:32:18,034 : INFO : EPOCH 1 - PROGRESS: at 86.74% examples, 75078 words/s, in_qsize 1, out_qsize 0
2026-04-30 12:32:19,048 : INFO : EPOCH 1 - PROGRESS: at 87.22% examples, 75108 words/s, in_qsize 1, out_qsize 0
2026-04-30 12:32:20,058 : INFO : EPOCH 1 - PROGRESS: at 87.70% examples, 75140 words/s, in_qsize 2, out_qsize 0
2026-04-30 12:32:21,078 : INFO : EPOCH 1 - PROGRESS: at 88.19% examples, 75171 words/s, in_qsize 1, out_qsize 0
2026-04-30 12:32:22,086 : INFO : EPOCH 1 - PROGRESS: at 88.62% examples, 75152 words/s, in_qsize 2, out_qsize 0
2026-04-30 12:32:23,098 : INFO : EPOCH 1 - PROGRESS: at 89.02% examples, 75141 words/s, in_qsize 1, out_qsize 0
2026-04-30 12:32:24,131 : INFO : EPOCH 1 - PROGRESS: at 89.47% examples, 75134 words/s, in_qsize 1, out_qsize 0
2026-04-30 12:32:25,150 : INFO : EPOCH 1 - PROGRESS: at 89.91% examples, 75118 words/s, in_qsize 1, out_qsize 0
2026-04-30 12:32:26,156 : INFO : EPOCH 1 - PROGRESS: at 90.35% examples, 75104 words/s, in_qsize 1, out_qsize 0
2026-04-30 12:32:27,184 : INFO : EPOCH 1 - PROGRESS: at 90.79% examples, 75073 words/s, in_qsize 1, out_qsize 0
2026-04-30 12:32:28,205 : INFO : EPOCH 1 - PROGRESS: at 91.22% examples, 75040 words/s, in_qsize 2, out_qsize 0
2026-04-30 12:32:29,231 : INFO : EPOCH 1 - PROGRESS: at 91.66% examples, 75023 words/s, in_qsize 1, out_qsize 0
2026-04-30 12:32:30,233 : INFO : EPOCH 1 - PROGRESS: at 92.11% examples, 75016 words/s, in_qsize 1, out_qsize 0
2026-04-30 12:32:31,254 : INFO : EPOCH 1 - PROGRESS: at 92.60% examples, 75050 words/s, in_qsize 2, out_qsize 0
2026-04-30 12:32:32,268 : INFO : EPOCH 1 - PROGRESS: at 93.09% examples, 75065 words/s, in_qsize 1, out_qsize 0
2026-04-30 12:32:33,276 : INFO : EPOCH 1 - PROGRESS: at 93.56% examples, 75092 words/s, in_qsize 2, out_qsize 0
2026-04-30 12:32:34,278 : INFO : EPOCH 1 - PROGRESS: at 94.05% examples, 75113 words/s, in_qsize 1, out_qsize 0
2026-04-30 12:32:35,300 : INFO : EPOCH 1 - PROGRESS: at 94.52% examples, 75102 words/s, in_qsize 1, out_qsize 0
2026-04-30 12:32:36,317 : INFO : EPOCH 1 - PROGRESS: at 95.00% examples, 75111 words/s, in_qsize 1, out_qsize 0
2026-04-30 12:32:37,340 : INFO : EPOCH 1 - PROGRESS: at 95.48% examples, 75127 words/s, in_qsize 1, out_qsize 0
2026-04-30 12:32:38,358 : INFO : EPOCH 1 - PROGRESS: at 95.98% examples, 75158 words/s, in_qsize 2, out_qsize 0
2026-04-30 12:32:39,381 : INFO : EPOCH 1 - PROGRESS: at 96.48% examples, 75190 words/s, in_qsize 2, out_qsize 0
2026-04-30 12:32:40,388 : INFO : EPOCH 1 - PROGRESS: at 96.95% examples, 75215 words/s, in_qsize 2, out_qsize 0
2026-04-30 12:32:41,399 : INFO : EPOCH 1 - PROGRESS: at 97.42% examples, 75247 words/s, in_qsize 1, out_qsize 0
2026-04-30 12:32:42,411 : INFO : EPOCH 1 - PROGRESS: at 97.89% examples, 75272 words/s, in_qsize 2, out_qsize 0
2026-04-30 12:32:43,438 : INFO : EPOCH 1 - PROGRESS: at 98.35% examples, 75282 words/s, in_qsize 1, out_qsize 0
2026-04-30 12:32:44,458 : INFO : EPOCH 1 - PROGRESS: at 98.80% examples, 75303 words/s, in_qsize 1, out_qsize 0
2026-04-30 12:32:45,475 : INFO : EPOCH 1 - PROGRESS: at 99.23% examples, 75317 words/s, in_qsize 1, out_qsize 0
2026-04-30 12:32:46,474 : INFO : EPOCH 1 - PROGRESS: at 99.65% examples, 75345 words/s, in_qsize 1, out_qsize 0
2026-04-30 12:32:47,498 : INFO : EPOCH 1 - PROGRESS: at 100.00% examples, 75275 words/s, in_qsize 1, out_qsize 0
2026-04-30 12:32:47,506 : INFO : EPOCH 1: training on 72043079 raw words (16103623 effective words) took 213.9s, 75275 effective words/s
2026-04-30 12:32:48,532 : INFO : EPOCH 2 - PROGRESS: at 0.39% examples, 77617 words/s, in_qsize 1, out_qsize 0
2026-04-30 12:32:49,560 : INFO : EPOCH 2 - PROGRESS: at 0.72% examples, 66660 words/s, in_qsize 1, out_qsize 0
2026-04-30 12:32:50,579 : INFO : EPOCH 2 - PROGRESS: at 1.14% examples, 70182 words/s, in_qsize 1, out_qsize 0
2026-04-30 12:32:51,589 : INFO : EPOCH 2 - PROGRESS: at 1.50% examples, 69159 words/s, in_qsize 1, out_qsize 0
2026-04-30 12:32:52,603 : INFO : EPOCH 2 - PROGRESS: at 1.97% examples, 71341 words/s, in_qsize 1, out_qsize 0
2026-04-30 12:32:53,612 : INFO : EPOCH 2 - PROGRESS: at 2.43% examples, 73043 words/s, in_qsize 2, out_qsize 0
2026-04-30 12:32:54,617 : INFO : EPOCH 2 - PROGRESS: at 2.90% examples, 74191 words/s, in_qsize 2, out_qsize 0
2026-04-30 12:32:55,629 : INFO : EPOCH 2 - PROGRESS: at 3.35% examples, 74958 words/s, in_qsize 1, out_qsize 0
2026-04-30 12:32:56,651 : INFO : EPOCH 2 - PROGRESS: at 3.80% examples, 75296 words/s, in_qsize 1, out_qsize 0
2026-04-30 12:32:57,664 : INFO : EPOCH 2 - PROGRESS: at 4.26% examples, 76030 words/s, in_qsize 2, out_qsize 0
2026-04-30 12:32:58,693 : INFO : EPOCH 2 - PROGRESS: at 4.76% examples, 76575 words/s, in_qsize 1, out_qsize 0
2026-04-30 12:32:59,717 : INFO : EPOCH 2 - PROGRESS: at 5.20% examples, 76408 words/s, in_qsize 1, out_qsize 0
2026-04-30 12:33:00,730 : INFO : EPOCH 2 - PROGRESS: at 5.67% examples, 76416 words/s, in_qsize 2, out_qsize 0
2026-04-30 12:33:01,739 : INFO : EPOCH 2 - PROGRESS: at 6.09% examples, 76390 words/s, in_qsize 2, out_qsize 0
2026-04-30 12:33:02,755 : INFO : EPOCH 2 - PROGRESS: at 6.48% examples, 76729 words/s, in_qsize 1, out_qsize 0
2026-04-30 12:33:03,761 : INFO : EPOCH 2 - PROGRESS: at 6.86% examples, 76664 words/s, in_qsize 2, out_qsize 0
2026-04-30 12:33:04,777 : INFO : EPOCH 2 - PROGRESS: at 7.22% examples, 76477 words/s, in_qsize 1, out_qsize 0
2026-04-30 12:33:05,797 : INFO : EPOCH 2 - PROGRESS: at 7.58% examples, 76416 words/s, in_qsize 1, out_qsize 0
2026-04-30 12:33:06,820 : INFO : EPOCH 2 - PROGRESS: at 8.01% examples, 76732 words/s, in_qsize 1, out_qsize 0
2026-04-30 12:33:07,853 : INFO : EPOCH 2 - PROGRESS: at 8.36% examples, 76468 words/s, in_qsize 1, out_qsize 0
2026-04-30 12:33:08,864 : INFO : EPOCH 2 - PROGRESS: at 8.72% examples, 76256 words/s, in_qsize 1, out_qsize 0
2026-04-30 12:33:09,894 : INFO : EPOCH 2 - PROGRESS: at 9.08% examples, 75973 words/s, in_qsize 1, out_qsize 0
2026-04-30 12:33:10,907 : INFO : EPOCH 2 - PROGRESS: at 9.45% examples, 75683 words/s, in_qsize 1, out_qsize 0
2026-04-30 12:33:11,938 : INFO : EPOCH 2 - PROGRESS: at 9.86% examples, 75459 words/s, in_qsize 1, out_qsize 0
2026-04-30 12:33:12,959 : INFO : EPOCH 2 - PROGRESS: at 10.25% examples, 75350 words/s, in_qsize 1, out_qsize 0
2026-04-30 12:33:13,980 : INFO : EPOCH 2 - PROGRESS: at 10.67% examples, 75252 words/s, in_qsize 1, out_qsize 0
2026-04-30 12:33:14,999 : INFO : EPOCH 2 - PROGRESS: at 11.11% examples, 75217 words/s, in_qsize 1, out_qsize 0
2026-04-30 12:33:16,006 : INFO : EPOCH 2 - PROGRESS: at 11.57% examples, 75413 words/s, in_qsize 1, out_qsize 0
2026-04-30 12:33:17,013 : INFO : EPOCH 2 - PROGRESS: at 12.02% examples, 75607 words/s, in_qsize 1, out_qsize 0
2026-04-30 12:33:18,040 : INFO : EPOCH 2 - PROGRESS: at 12.49% examples, 75792 words/s, in_qsize 1, out_qsize 0
2026-04-30 12:33:19,055 : INFO : EPOCH 2 - PROGRESS: at 12.98% examples, 76020 words/s, in_qsize 2, out_qsize 0
2026-04-30 12:33:20,070 : INFO : EPOCH 2 - PROGRESS: at 13.44% examples, 76211 words/s, in_qsize 1, out_qsize 0
2026-04-30 12:33:21,090 : INFO : EPOCH 2 - PROGRESS: at 13.86% examples, 76369 words/s, in_qsize 1, out_qsize 0
2026-04-30 12:33:22,095 : INFO : EPOCH 2 - PROGRESS: at 14.30% examples, 76551 words/s, in_qsize 1, out_qsize 0
2026-04-30 12:33:23,113 : INFO : EPOCH 2 - PROGRESS: at 14.76% examples, 76733 words/s, in_qsize 2, out_qsize 0
2026-04-30 12:33:24,114 : INFO : EPOCH 2 - PROGRESS: at 15.14% examples, 76802 words/s, in_qsize 1, out_qsize 0
2026-04-30 12:33:25,150 : INFO : EPOCH 2 - PROGRESS: at 15.53% examples, 76845 words/s, in_qsize 1, out_qsize 0
2026-04-30 12:33:26,177 : INFO : EPOCH 2 - PROGRESS: at 15.82% examples, 76168 words/s, in_qsize 1, out_qsize 0
2026-04-30 12:33:27,204 : INFO : EPOCH 2 - PROGRESS: at 16.18% examples, 75993 words/s, in_qsize 1, out_qsize 0
2026-04-30 12:33:28,239 : INFO : EPOCH 2 - PROGRESS: at 16.51% examples, 75572 words/s, in_qsize 1, out_qsize 0
2026-04-30 12:33:29,265 : INFO : EPOCH 2 - PROGRESS: at 16.84% examples, 75139 words/s, in_qsize 1, out_qsize 0
2026-04-30 12:33:30,339 : INFO : EPOCH 2 - PROGRESS: at 17.15% examples, 74562 words/s, in_qsize 1, out_qsize 1
2026-04-30 12:33:31,361 : INFO : EPOCH 2 - PROGRESS: at 17.58% examples, 74493 words/s, in_qsize 1, out_qsize 0
2026-04-30 12:33:32,363 : INFO : EPOCH 2 - PROGRESS: at 17.97% examples, 74381 words/s, in_qsize 1, out_qsize 0
2026-04-30 12:33:33,379 : INFO : EPOCH 2 - PROGRESS: at 18.27% examples, 74070 words/s, in_qsize 1, out_qsize 0
2026-04-30 12:33:34,381 : INFO : EPOCH 2 - PROGRESS: at 18.66% examples, 74182 words/s, in_qsize 2, out_qsize 0
2026-04-30 12:33:35,436 : INFO : EPOCH 2 - PROGRESS: at 19.08% examples, 74283 words/s, in_qsize 2, out_qsize 0
2026-04-30 12:33:36,476 : INFO : EPOCH 2 - PROGRESS: at 19.35% examples, 73830 words/s, in_qsize 1, out_qsize 0
2026-04-30 12:33:37,505 : INFO : EPOCH 2 - PROGRESS: at 19.72% examples, 73782 words/s, in_qsize 1, out_qsize 0
2026-04-30 12:33:38,523 : INFO : EPOCH 2 - PROGRESS: at 20.10% examples, 73806 words/s, in_qsize 1, out_qsize 0
2026-04-30 12:33:39,543 : INFO : EPOCH 2 - PROGRESS: at 20.52% examples, 73885 words/s, in_qsize 1, out_qsize 0
2026-04-30 12:33:40,550 : INFO : EPOCH 2 - PROGRESS: at 20.99% examples, 73920 words/s, in_qsize 1, out_qsize 0
2026-04-30 12:33:41,569 : INFO : EPOCH 2 - PROGRESS: at 21.44% examples, 74024 words/s, in_qsize 1, out_qsize 0
2026-04-30 12:33:42,574 : INFO : EPOCH 2 - PROGRESS: at 21.88% examples, 74073 words/s, in_qsize 1, out_qsize 0
2026-04-30 12:33:43,582 : INFO : EPOCH 2 - PROGRESS: at 22.33% examples, 74120 words/s, in_qsize 1, out_qsize 0
2026-04-30 12:33:44,598 : INFO : EPOCH 2 - PROGRESS: at 22.86% examples, 74246 words/s, in_qsize 1, out_qsize 0
2026-04-30 12:33:45,602 : INFO : EPOCH 2 - PROGRESS: at 23.37% examples, 74381 words/s, in_qsize 1, out_qsize 0
2026-04-30 12:33:46,626 : INFO : EPOCH 2 - PROGRESS: at 23.91% examples, 74514 words/s, in_qsize 1, out_qsize 0
2026-04-30 12:33:47,628 : INFO : EPOCH 2 - PROGRESS: at 24.40% examples, 74587 words/s, in_qsize 1, out_qsize 0
2026-04-30 12:33:48,645 : INFO : EPOCH 2 - PROGRESS: at 24.77% examples, 74372 words/s, in_qsize 1, out_qsize 0
2026-04-30 12:33:49,659 : INFO : EPOCH 2 - PROGRESS: at 25.26% examples, 74414 words/s, in_qsize 1, out_qsize 0
2026-04-30 12:33:50,664 : INFO : EPOCH 2 - PROGRESS: at 25.76% examples, 74516 words/s, in_qsize 1, out_qsize 0
2026-04-30 12:33:51,669 : INFO : EPOCH 2 - PROGRESS: at 26.30% examples, 74618 words/s, in_qsize 1, out_qsize 0
2026-04-30 12:33:52,678 : INFO : EPOCH 2 - PROGRESS: at 26.80% examples, 74710 words/s, in_qsize 1, out_qsize 0
2026-04-30 12:33:53,687 : INFO : EPOCH 2 - PROGRESS: at 27.31% examples, 74821 words/s, in_qsize 1, out_qsize 0
2026-04-30 12:33:54,703 : INFO : EPOCH 2 - PROGRESS: at 27.80% examples, 74947 words/s, in_qsize 1, out_qsize 0
2026-04-30 12:33:55,709 : INFO : EPOCH 2 - PROGRESS: at 28.20% examples, 74853 words/s, in_qsize 1, out_qsize 0
2026-04-30 12:33:56,725 : INFO : EPOCH 2 - PROGRESS: at 28.71% examples, 74883 words/s, in_qsize 1, out_qsize 0
2026-04-30 12:33:57,742 : INFO : EPOCH 2 - PROGRESS: at 29.22% examples, 74953 words/s, in_qsize 2, out_qsize 0
2026-04-30 12:33:58,769 : INFO : EPOCH 2 - PROGRESS: at 29.75% examples, 75057 words/s, in_qsize 1, out_qsize 0
2026-04-30 12:33:59,776 : INFO : EPOCH 2 - PROGRESS: at 30.26% examples, 75134 words/s, in_qsize 2, out_qsize 0
2026-04-30 12:34:00,792 : INFO : EPOCH 2 - PROGRESS: at 30.72% examples, 75178 words/s, in_qsize 1, out_qsize 0
2026-04-30 12:34:01,808 : INFO : EPOCH 2 - PROGRESS: at 31.23% examples, 75271 words/s, in_qsize 2, out_qsize 0
2026-04-30 12:34:02,817 : INFO : EPOCH 2 - PROGRESS: at 31.71% examples, 75304 words/s, in_qsize 1, out_qsize 0
2026-04-30 12:34:03,837 : INFO : EPOCH 2 - PROGRESS: at 32.23% examples, 75338 words/s, in_qsize 2, out_qsize 0
2026-04-30 12:34:04,849 : INFO : EPOCH 2 - PROGRESS: at 32.79% examples, 75428 words/s, in_qsize 2, out_qsize 0
2026-04-30 12:34:05,857 : INFO : EPOCH 2 - PROGRESS: at 33.29% examples, 75431 words/s, in_qsize 1, out_qsize 0
2026-04-30 12:34:06,859 : INFO : EPOCH 2 - PROGRESS: at 33.79% examples, 75465 words/s, in_qsize 1, out_qsize 0
2026-04-30 12:34:07,878 : INFO : EPOCH 2 - PROGRESS: at 34.32% examples, 75529 words/s, in_qsize 2, out_qsize 0
2026-04-30 12:34:08,898 : INFO : EPOCH 2 - PROGRESS: at 34.87% examples, 75620 words/s, in_qsize 2, out_qsize 0
2026-04-30 12:34:09,910 : INFO : EPOCH 2 - PROGRESS: at 35.41% examples, 75708 words/s, in_qsize 1, out_qsize 0
2026-04-30 12:34:10,931 : INFO : EPOCH 2 - PROGRESS: at 35.90% examples, 75674 words/s, in_qsize 1, out_qsize 0
2026-04-30 12:34:11,997 : INFO : EPOCH 2 - PROGRESS: at 36.31% examples, 75465 words/s, in_qsize 1, out_qsize 0
2026-04-30 12:34:13,009 : INFO : EPOCH 2 - PROGRESS: at 36.78% examples, 75403 words/s, in_qsize 2, out_qsize 0
2026-04-30 12:34:14,030 : INFO : EPOCH 2 - PROGRESS: at 37.30% examples, 75474 words/s, in_qsize 2, out_qsize 0
2026-04-30 12:34:15,039 : INFO : EPOCH 2 - PROGRESS: at 37.80% examples, 75555 words/s, in_qsize 1, out_qsize 0
2026-04-30 12:34:16,055 : INFO : EPOCH 2 - PROGRESS: at 38.35% examples, 75638 words/s, in_qsize 2, out_qsize 0
2026-04-30 12:34:17,074 : INFO : EPOCH 2 - PROGRESS: at 38.86% examples, 75707 words/s, in_qsize 2, out_qsize 0
2026-04-30 12:34:18,097 : INFO : EPOCH 2 - PROGRESS: at 39.36% examples, 75753 words/s, in_qsize 1, out_qsize 0
2026-04-30 12:34:19,107 : INFO : EPOCH 2 - PROGRESS: at 39.85% examples, 75764 words/s, in_qsize 1, out_qsize 0
2026-04-30 12:34:20,131 : INFO : EPOCH 2 - PROGRESS: at 40.38% examples, 75807 words/s, in_qsize 1, out_qsize 0
2026-04-30 12:34:21,136 : INFO : EPOCH 2 - PROGRESS: at 40.89% examples, 75882 words/s, in_qsize 2, out_qsize 0
2026-04-30 12:34:22,151 : INFO : EPOCH 2 - PROGRESS: at 41.42% examples, 75961 words/s, in_qsize 1, out_qsize 0
2026-04-30 12:34:23,153 : INFO : EPOCH 2 - PROGRESS: at 41.97% examples, 76025 words/s, in_qsize 1, out_qsize 0
2026-04-30 12:34:24,171 : INFO : EPOCH 2 - PROGRESS: at 42.52% examples, 76090 words/s, in_qsize 1, out_qsize 0
2026-04-30 12:34:25,180 : INFO : EPOCH 2 - PROGRESS: at 43.05% examples, 76149 words/s, in_qsize 1, out_qsize 0
2026-04-30 12:34:26,198 : INFO : EPOCH 2 - PROGRESS: at 43.54% examples, 76083 words/s, in_qsize 2, out_qsize 0
2026-04-30 12:34:27,202 : INFO : EPOCH 2 - PROGRESS: at 44.01% examples, 76022 words/s, in_qsize 1, out_qsize 0
2026-04-30 12:34:28,228 : INFO : EPOCH 2 - PROGRESS: at 44.46% examples, 75945 words/s, in_qsize 1, out_qsize 0
2026-04-30 12:34:29,237 : INFO : EPOCH 2 - PROGRESS: at 44.97% examples, 75928 words/s, in_qsize 1, out_qsize 0
2026-04-30 12:34:30,237 : INFO : EPOCH 2 - PROGRESS: at 45.46% examples, 75892 words/s, in_qsize 1, out_qsize 0
2026-04-30 12:34:31,250 : INFO : EPOCH 2 - PROGRESS: at 46.04% examples, 75953 words/s, in_qsize 2, out_qsize 0
2026-04-30 12:34:32,260 : INFO : EPOCH 2 - PROGRESS: at 46.55% examples, 75960 words/s, in_qsize 1, out_qsize 0
2026-04-30 12:34:33,269 : INFO : EPOCH 2 - PROGRESS: at 47.09% examples, 75991 words/s, in_qsize 1, out_qsize 0
2026-04-30 12:34:34,286 : INFO : EPOCH 2 - PROGRESS: at 47.63% examples, 76053 words/s, in_qsize 2, out_qsize 0
2026-04-30 12:34:35,288 : INFO : EPOCH 2 - PROGRESS: at 48.10% examples, 76073 words/s, in_qsize 1, out_qsize 0
2026-04-30 12:34:36,303 : INFO : EPOCH 2 - PROGRESS: at 48.60% examples, 76070 words/s, in_qsize 1, out_qsize 0
2026-04-30 12:34:37,330 : INFO : EPOCH 2 - PROGRESS: at 49.11% examples, 76074 words/s, in_qsize 1, out_qsize 0
2026-04-30 12:34:38,351 : INFO : EPOCH 2 - PROGRESS: at 49.65% examples, 76092 words/s, in_qsize 1, out_qsize 0
2026-04-30 12:34:39,356 : INFO : EPOCH 2 - PROGRESS: at 50.19% examples, 76153 words/s, in_qsize 2, out_qsize 0
2026-04-30 12:34:40,378 : INFO : EPOCH 2 - PROGRESS: at 50.75% examples, 76208 words/s, in_qsize 2, out_qsize 0
2026-04-30 12:34:41,403 : INFO : EPOCH 2 - PROGRESS: at 51.30% examples, 76268 words/s, in_qsize 2, out_qsize 0
2026-04-30 12:34:42,429 : INFO : EPOCH 2 - PROGRESS: at 51.85% examples, 76324 words/s, in_qsize 2, out_qsize 0
2026-04-30 12:34:43,428 : INFO : EPOCH 2 - PROGRESS: at 52.40% examples, 76359 words/s, in_qsize 1, out_qsize 0
2026-04-30 12:34:44,453 : INFO : EPOCH 2 - PROGRESS: at 52.97% examples, 76391 words/s, in_qsize 1, out_qsize 0
2026-04-30 12:34:45,472 : INFO : EPOCH 2 - PROGRESS: at 53.57% examples, 76418 words/s, in_qsize 1, out_qsize 0
2026-04-30 12:34:46,494 : INFO : EPOCH 2 - PROGRESS: at 54.16% examples, 76452 words/s, in_qsize 1, out_qsize 0
2026-04-30 12:34:47,501 : INFO : EPOCH 2 - PROGRESS: at 54.74% examples, 76488 words/s, in_qsize 1, out_qsize 0
2026-04-30 12:34:48,524 : INFO : EPOCH 2 - PROGRESS: at 55.32% examples, 76511 words/s, in_qsize 2, out_qsize 0
2026-04-30 12:34:49,540 : INFO : EPOCH 2 - PROGRESS: at 55.89% examples, 76543 words/s, in_qsize 1, out_qsize 0
2026-04-30 12:34:50,549 : INFO : EPOCH 2 - PROGRESS: at 56.46% examples, 76565 words/s, in_qsize 1, out_qsize 0
2026-04-30 12:34:51,566 : INFO : EPOCH 2 - PROGRESS: at 57.06% examples, 76614 words/s, in_qsize 2, out_qsize 0
2026-04-30 12:34:52,575 : INFO : EPOCH 2 - PROGRESS: at 57.66% examples, 76643 words/s, in_qsize 1, out_qsize 0
2026-04-30 12:34:53,588 : INFO : EPOCH 2 - PROGRESS: at 58.24% examples, 76669 words/s, in_qsize 2, out_qsize 0
2026-04-30 12:34:54,589 : INFO : EPOCH 2 - PROGRESS: at 58.74% examples, 76655 words/s, in_qsize 1, out_qsize 0
2026-04-30 12:34:55,614 : INFO : EPOCH 2 - PROGRESS: at 59.30% examples, 76669 words/s, in_qsize 1, out_qsize 0
2026-04-30 12:34:56,625 : INFO : EPOCH 2 - PROGRESS: at 59.81% examples, 76682 words/s, in_qsize 1, out_qsize 0
2026-04-30 12:34:57,628 : INFO : EPOCH 2 - PROGRESS: at 60.35% examples, 76711 words/s, in_qsize 1, out_qsize 0
2026-04-30 12:34:58,644 : INFO : EPOCH 2 - PROGRESS: at 60.89% examples, 76702 words/s, in_qsize 1, out_qsize 0
2026-04-30 12:34:59,653 : INFO : EPOCH 2 - PROGRESS: at 61.40% examples, 76687 words/s, in_qsize 1, out_qsize 0
2026-04-30 12:35:00,672 : INFO : EPOCH 2 - PROGRESS: at 61.89% examples, 76641 words/s, in_qsize 1, out_qsize 0
2026-04-30 12:35:01,695 : INFO : EPOCH 2 - PROGRESS: at 62.41% examples, 76623 words/s, in_qsize 1, out_qsize 0
2026-04-30 12:35:02,714 : INFO : EPOCH 2 - PROGRESS: at 62.95% examples, 76645 words/s, in_qsize 1, out_qsize 0
2026-04-30 12:35:03,725 : INFO : EPOCH 2 - PROGRESS: at 63.52% examples, 76675 words/s, in_qsize 2, out_qsize 0
2026-04-30 12:35:04,748 : INFO : EPOCH 2 - PROGRESS: at 64.04% examples, 76713 words/s, in_qsize 1, out_qsize 0
2026-04-30 12:35:05,769 : INFO : EPOCH 2 - PROGRESS: at 64.56% examples, 76751 words/s, in_qsize 1, out_qsize 0
2026-04-30 12:35:06,777 : INFO : EPOCH 2 - PROGRESS: at 65.05% examples, 76777 words/s, in_qsize 1, out_qsize 0
2026-04-30 12:35:07,794 : INFO : EPOCH 2 - PROGRESS: at 65.59% examples, 76812 words/s, in_qsize 1, out_qsize 0
2026-04-30 12:35:08,815 : INFO : EPOCH 2 - PROGRESS: at 66.16% examples, 76827 words/s, in_qsize 2, out_qsize 0
2026-04-30 12:35:09,846 : INFO : EPOCH 2 - PROGRESS: at 66.63% examples, 76684 words/s, in_qsize 1, out_qsize 0
2026-04-30 12:35:10,870 : INFO : EPOCH 2 - PROGRESS: at 67.25% examples, 76691 words/s, in_qsize 1, out_qsize 0
2026-04-30 12:35:11,893 : INFO : EPOCH 2 - PROGRESS: at 67.88% examples, 76726 words/s, in_qsize 1, out_qsize 0
2026-04-30 12:35:12,904 : INFO : EPOCH 2 - PROGRESS: at 68.57% examples, 76769 words/s, in_qsize 1, out_qsize 0
2026-04-30 12:35:13,909 : INFO : EPOCH 2 - PROGRESS: at 69.08% examples, 76716 words/s, in_qsize 1, out_qsize 0
2026-04-30 12:35:14,931 : INFO : EPOCH 2 - PROGRESS: at 69.62% examples, 76701 words/s, in_qsize 1, out_qsize 0
2026-04-30 12:35:15,955 : INFO : EPOCH 2 - PROGRESS: at 70.15% examples, 76703 words/s, in_qsize 2, out_qsize 0
2026-04-30 12:35:16,973 : INFO : EPOCH 2 - PROGRESS: at 70.69% examples, 76688 words/s, in_qsize 1, out_qsize 0
2026-04-30 12:35:17,989 : INFO : EPOCH 2 - PROGRESS: at 71.17% examples, 76601 words/s, in_qsize 1, out_qsize 0
2026-04-30 12:35:19,013 : INFO : EPOCH 2 - PROGRESS: at 71.77% examples, 76615 words/s, in_qsize 1, out_qsize 0
2026-04-30 12:35:20,025 : INFO : EPOCH 2 - PROGRESS: at 72.34% examples, 76627 words/s, in_qsize 1, out_qsize 0
2026-04-30 12:35:21,045 : INFO : EPOCH 2 - PROGRESS: at 72.90% examples, 76662 words/s, in_qsize 2, out_qsize 0
2026-04-30 12:35:22,052 : INFO : EPOCH 2 - PROGRESS: at 73.51% examples, 76701 words/s, in_qsize 1, out_qsize 0
2026-04-30 12:35:23,059 : INFO : EPOCH 2 - PROGRESS: at 74.14% examples, 76737 words/s, in_qsize 2, out_qsize 0
2026-04-30 12:35:24,084 : INFO : EPOCH 2 - PROGRESS: at 74.76% examples, 76773 words/s, in_qsize 1, out_qsize 0
2026-04-30 12:35:25,110 : INFO : EPOCH 2 - PROGRESS: at 75.32% examples, 76778 words/s, in_qsize 1, out_qsize 0
2026-04-30 12:35:26,131 : INFO : EPOCH 2 - PROGRESS: at 75.89% examples, 76795 words/s, in_qsize 1, out_qsize 0
2026-04-30 12:35:27,132 : INFO : EPOCH 2 - PROGRESS: at 76.47% examples, 76818 words/s, in_qsize 1, out_qsize 0
2026-04-30 12:35:28,138 : INFO : EPOCH 2 - PROGRESS: at 77.03% examples, 76812 words/s, in_qsize 1, out_qsize 0
2026-04-30 12:35:29,145 : INFO : EPOCH 2 - PROGRESS: at 77.60% examples, 76837 words/s, in_qsize 2, out_qsize 0
2026-04-30 12:35:30,149 : INFO : EPOCH 2 - PROGRESS: at 78.11% examples, 76859 words/s, in_qsize 1, out_qsize 0
2026-04-30 12:35:31,162 : INFO : EPOCH 2 - PROGRESS: at 78.65% examples, 76873 words/s, in_qsize 1, out_qsize 0
2026-04-30 12:35:32,162 : INFO : EPOCH 2 - PROGRESS: at 79.12% examples, 76889 words/s, in_qsize 1, out_qsize 0
2026-04-30 12:35:33,173 : INFO : EPOCH 2 - PROGRESS: at 79.60% examples, 76922 words/s, in_qsize 2, out_qsize 0
2026-04-30 12:35:34,189 : INFO : EPOCH 2 - PROGRESS: at 80.19% examples, 76958 words/s, in_qsize 1, out_qsize 0
2026-04-30 12:35:35,213 : INFO : EPOCH 2 - PROGRESS: at 80.78% examples, 76992 words/s, in_qsize 1, out_qsize 0
2026-04-30 12:35:36,232 : INFO : EPOCH 2 - PROGRESS: at 81.34% examples, 77024 words/s, in_qsize 2, out_qsize 0
2026-04-30 12:35:37,237 : INFO : EPOCH 2 - PROGRESS: at 81.91% examples, 77058 words/s, in_qsize 2, out_qsize 0
2026-04-30 12:35:38,252 : INFO : EPOCH 2 - PROGRESS: at 82.47% examples, 77083 words/s, in_qsize 1, out_qsize 0
2026-04-30 12:35:39,277 : INFO : EPOCH 2 - PROGRESS: at 82.96% examples, 77079 words/s, in_qsize 1, out_qsize 0
2026-04-30 12:35:40,281 : INFO : EPOCH 2 - PROGRESS: at 83.29% examples, 76931 words/s, in_qsize 1, out_qsize 0
2026-04-30 12:35:41,294 : INFO : EPOCH 2 - PROGRESS: at 83.65% examples, 76793 words/s, in_qsize 1, out_qsize 0
2026-04-30 12:35:42,308 : INFO : EPOCH 2 - PROGRESS: at 84.18% examples, 76810 words/s, in_qsize 1, out_qsize 0
2026-04-30 12:35:43,310 : INFO : EPOCH 2 - PROGRESS: at 84.70% examples, 76839 words/s, in_qsize 2, out_qsize 0
2026-04-30 12:35:44,335 : INFO : EPOCH 2 - PROGRESS: at 85.21% examples, 76869 words/s, in_qsize 2, out_qsize 0
2026-04-30 12:35:45,353 : INFO : EPOCH 2 - PROGRESS: at 85.69% examples, 76899 words/s, in_qsize 1, out_qsize 0
2026-04-30 12:35:46,371 : INFO : EPOCH 2 - PROGRESS: at 86.17% examples, 76921 words/s, in_qsize 2, out_qsize 0
2026-04-30 12:35:47,390 : INFO : EPOCH 2 - PROGRESS: at 86.70% examples, 76944 words/s, in_qsize 2, out_qsize 0
2026-04-30 12:35:48,402 : INFO : EPOCH 2 - PROGRESS: at 87.20% examples, 76968 words/s, in_qsize 2, out_qsize 0
2026-04-30 12:35:49,403 : INFO : EPOCH 2 - PROGRESS: at 87.66% examples, 76994 words/s, in_qsize 2, out_qsize 0
2026-04-30 12:35:50,406 : INFO : EPOCH 2 - PROGRESS: at 88.16% examples, 77021 words/s, in_qsize 2, out_qsize 0
2026-04-30 12:35:51,462 : INFO : EPOCH 2 - PROGRESS: at 88.52% examples, 76924 words/s, in_qsize 1, out_qsize 0
2026-04-30 12:35:52,469 : INFO : EPOCH 2 - PROGRESS: at 88.88% examples, 76856 words/s, in_qsize 1, out_qsize 0
2026-04-30 12:35:53,667 : INFO : EPOCH 2 - PROGRESS: at 89.21% examples, 76669 words/s, in_qsize 1, out_qsize 0
2026-04-30 12:35:54,691 : INFO : EPOCH 2 - PROGRESS: at 89.61% examples, 76627 words/s, in_qsize 1, out_qsize 0
2026-04-30 12:35:55,696 : INFO : EPOCH 2 - PROGRESS: at 90.12% examples, 76648 words/s, in_qsize 1, out_qsize 0
2026-04-30 12:35:56,717 : INFO : EPOCH 2 - PROGRESS: at 90.62% examples, 76668 words/s, in_qsize 2, out_qsize 0
2026-04-30 12:35:57,732 : INFO : EPOCH 2 - PROGRESS: at 91.12% examples, 76692 words/s, in_qsize 1, out_qsize 0
2026-04-30 12:35:58,752 : INFO : EPOCH 2 - PROGRESS: at 91.64% examples, 76721 words/s, in_qsize 2, out_qsize 0
2026-04-30 12:35:59,755 : INFO : EPOCH 2 - PROGRESS: at 92.12% examples, 76739 words/s, in_qsize 2, out_qsize 0
2026-04-30 12:36:00,773 : INFO : EPOCH 2 - PROGRESS: at 92.59% examples, 76746 words/s, in_qsize 1, out_qsize 0
2026-04-30 12:36:01,774 : INFO : EPOCH 2 - PROGRESS: at 93.09% examples, 76769 words/s, in_qsize 2, out_qsize 0
2026-04-30 12:36:02,783 : INFO : EPOCH 2 - PROGRESS: at 93.58% examples, 76796 words/s, in_qsize 1, out_qsize 0
2026-04-30 12:36:03,802 : INFO : EPOCH 2 - PROGRESS: at 94.08% examples, 76822 words/s, in_qsize 1, out_qsize 0
2026-04-30 12:36:04,808 : INFO : EPOCH 2 - PROGRESS: at 94.61% examples, 76851 words/s, in_qsize 1, out_qsize 0
2026-04-30 12:36:05,819 : INFO : EPOCH 2 - PROGRESS: at 95.10% examples, 76876 words/s, in_qsize 1, out_qsize 0
2026-04-30 12:36:06,882 : INFO : EPOCH 2 - PROGRESS: at 95.56% examples, 76835 words/s, in_qsize 2, out_qsize 0
2026-04-30 12:36:07,892 : INFO : EPOCH 2 - PROGRESS: at 95.95% examples, 76768 words/s, in_qsize 2, out_qsize 0
2026-04-30 12:36:08,907 : INFO : EPOCH 2 - PROGRESS: at 96.42% examples, 76783 words/s, in_qsize 1, out_qsize 0
2026-04-30 12:36:09,923 : INFO : EPOCH 2 - PROGRESS: at 96.89% examples, 76788 words/s, in_qsize 1, out_qsize 0
2026-04-30 12:36:10,927 : INFO : EPOCH 2 - PROGRESS: at 97.32% examples, 76787 words/s, in_qsize 2, out_qsize 0
2026-04-30 12:36:11,946 : INFO : EPOCH 2 - PROGRESS: at 97.80% examples, 76810 words/s, in_qsize 1, out_qsize 0
2026-04-30 12:36:12,956 : INFO : EPOCH 2 - PROGRESS: at 98.23% examples, 76778 words/s, in_qsize 1, out_qsize 0
2026-04-30 12:36:13,987 : INFO : EPOCH 2 - PROGRESS: at 98.61% examples, 76731 words/s, in_qsize 1, out_qsize 0
2026-04-30 12:36:15,015 : INFO : EPOCH 2 - PROGRESS: at 99.02% examples, 76713 words/s, in_qsize 1, out_qsize 0
2026-04-30 12:36:16,030 : INFO : EPOCH 2 - PROGRESS: at 99.40% examples, 76696 words/s, in_qsize 1, out_qsize 0
2026-04-30 12:36:17,039 : INFO : EPOCH 2 - PROGRESS: at 99.80% examples, 76666 words/s, in_qsize 1, out_qsize 0
2026-04-30 12:36:17,574 : INFO : EPOCH 2: training on 72043079 raw words (16102037 effective words) took 210.1s, 76652 effective words/s
2026-04-30 12:36:17,575 : INFO : Word2Vec lifecycle event {'msg': 'training on 216129237 raw words (48311337 effective words) took 640.2s, 75461 effective words/s', 'datetime': '2026-04-30T12:36:17.575292', 'gensim': '4.4.0', 'python': '3.12.4 | packaged by Anaconda, Inc. | (main, Jun 18 2024, 15:03:56) [MSC v.1929 64 bit (AMD64)]', 'platform': 'Windows-11-10.0.26200-SP0', 'event': 'train'}
2026-04-30 12:36:17,577 : INFO : Word2Vec lifecycle event {'params': 'Word2Vec<vocab=31488, vector_size=300, alpha=0.025>', 'datetime': '2026-04-30T12:36:17.577566', 'gensim': '4.4.0', 'python': '3.12.4 | packaged by Anaconda, Inc. | (main, Jun 18 2024, 15:03:56) [MSC v.1929 64 bit (AMD64)]', 'platform': 'Windows-11-10.0.26200-SP0', 'event': 'created'}
2026-04-30 12:36:17,580 : INFO : Word2Vec lifecycle event {'fname_or_handle': 'w2v_dim-300_lr-0.025_window-10_neg-5_ep-3_sample-1e-05.model', 'separately': 'None', 'sep_limit': 10485760, 'ignore': frozenset(), 'datetime': '2026-04-30T12:36:17.580029', 'gensim': '4.4.0', 'python': '3.12.4 | packaged by Anaconda, Inc. | (main, Jun 18 2024, 15:03:56) [MSC v.1929 64 bit (AMD64)]', 'platform': 'Windows-11-10.0.26200-SP0', 'event': 'saving'}
2026-04-30 12:36:17,587 : INFO : not storing attribute cum_table
2026-04-30 12:36:17,670 : INFO : saved w2v_dim-300_lr-0.025_window-10_neg-5_ep-3_sample-1e-05.model
